'_atom_site_adp_type' => [ "Uani", "Uiso", "Uovl", "Umpe", "Bani", "Biso", "Bovl" ]
'_atom_site_calc_flag' => [ "d", "calc", "c", "dum" ]
'_atom_site_refinement_flags_adp' => [ ".", "T", "U", "TU" ] 
'_atom_site_refinement_flags_occupancy' => [ ".", "P" ]
'_atom_site_refinement_flags_posn' => [ ".", "D", "G", "R", "S", "DG", "DR", "DS", "GR", "GS", "RS", "DGR", "DGS", "DRS", "GRS", "DGRS" ]
'_atom_site_refinement_flags' => [ ".", "S", "G", "R", "D", "T", "U", "P" ]
'_atom_sites_solution_hydrogens' => [ "difmap", "vecmap", "heavy", "direct", "geom", "disper", "isomor", "notdet", "dual", "other" ]
'_atom_sites_solution_primary' => [ "difmap", "vecmap", "heavy", "direct", "geom", "disper", "isomor", "notdet", "dual", "other" ]
'_atom_sites_solution_secondary' => [ "difmap", "vecmap", "heavy", "direct", "geom", "disper", "isomor", "notdet", "dual", "other" ]
'_atom_site_thermal_displace_type' => [ "Uani", "Uiso", "Uovl", "Umpe", "Bani", "Biso", "Bovl" ]
'_chemical_absolute_configuration' => [ "rm", "ad", "rmad", "syn", "unk", "." ]
'_chemical_conn_bond_type' => [ "sing", "doub", "trip", "quad", "arom", "poly", "delo", "pi" ]
'_chemical_enantioexcess_bulk_technique' => [ "OA", "CD", "EC", "other" ] 
'_chemical_enantioexcess_crystal_technique' => [ "CD", "EC", "other" ]
'_citation_coordinate_linkage' => [ "no", "n", "yes", "y" ]
'_diffrn_radiation_probe' => [ "x-ray", "neutron", "electron", "gamma" ]
'_diffrn_radiation_wavelength_determination' => [ "fundamental", "estimated", "refined" ]
'_diffrn_radiation_xray_symbol' => [ "K-L~3~", "K-L~2~", "K-M~3~", "K-L~2,3~" ]
'_diffrn_refln_scan_mode_backgd' => [ "st", "mo" ]
'_diffrn_refln_scan_mode' => [ "om", "ot", "q" ]
'_diffrn_source_target' => [ "H", "He", "Li", "Be", "B", "C", "N", "O", "F", "Ne", "Na", "Mg", "Al", "Si", "P", "S", "Cl", "Ar", "K", "Ca", "Sc", "Ti", "V", "Cr", "Mn", "Fe", "Co", "Ni", "Cu", "Zn", "Ga", "Ge", "As", "Se", "Br", "Kr", "Rb", "Sr", "Y", "Zr", "Nb", "Mo", "Tc", "Ru", "Rh", "Pd", "Ag", "Cd", "In", "Sn", "Sb", "Te", "I", "Xe", "Cs", "Ba", "La", "Ce", "Pr", "Nd", "Pm", "Sm", "Eu", "Gd", "Tb", "Dy", "Ho", "Er", "Tm", "Yb", "Lu", "Hf", "Ta", "W", "Re", "Os", "Ir", "Pt", "Au", "Hg", "Tl", "Pb", "Bi", "Po", "At", "Rn", "Fr", "Ra", "Ac", "Th", "Pa", "U", "Np", "Pu", "Am", "Cm", "Bk", "Cf", "Es", "Fm", "Md", "No", "Lr" ]
'_exptl_absorpt_correction_type' => [ "analytical", "cylinder", "empirical", "gaussian", "integration", "multi-scan", "none", "numerical", "psi-scan", "refdelf", "sphere" ]
'_exptl_crystal_colour_lustre' => [ "metallic", "dull", "clear" ]
'_exptl_crystal_colour_modifier' => [ "light", "dark", "whitish", "blackish", "grayish", "brownish", "reddish", "pinkish", "orangish", "yellowish", "greenish", "bluish" ]
'_exptl_crystal_colour_primary' => [ "colourless", "white", "black", "gray", "brown", "red", "pink", "orange", "yellow", "green", "blue", "violet" ]
'_geom_angle_publ_flag' => [ "no", "n", "yes", "y" ] 
'_geom_bond_publ_flag' => [ "no", "n", "yes", "y" ]
'_geom_contact_publ_flag' => [ "no", "n", "yes", "y" ]  
'_geom_hbond_publ_flag' => [ "no", "n", "yes", "y" ]
'_geom_torsion_publ_flag' => [ "no", "n", "yes", "y" ]
'_publ_body_element' => [ "section", "subsection", "subsubsection", "appendix", "footnote" ]
'_publ_body_format' => [ "ascii", "cif", "latex", "rtf", "sgml", "tex", "troff" ]
'_publ_manuscript_incl_extra_defn' => [ "no", "n", "yes", "y" ]
'_publ_requested_category' => [ "FA", "FI", "FO", "FM", "CI", "CO", "CM", "EI", "EO", "EM", "QI", "QO", "QM", "AD", "SC" ]
'_refine_ls_hydrogen_treatment' => [ "refall", "refxyz", "refU", "noref", "constr", "mixed", "undef" ]
'_refine_ls_matrix_type' => [ "full", "fullcycle", "atomblock", "userblock", "diagonal", "sparse" ]
'_refine_ls_structure_factor_coef' => [ "F", "Fsqd", "Inet" ] 
'_refine_ls_weighting_scheme' => [ "sigma", "unit", "calc" ]
'_refln_include_status' => [ "o", "<", "-", "x", "h", "l" ]
'_refln_observed_status' => [ "o", "<", "-", "x", "h", "l" ]
'_refln_refinement_status' => [ "incl", "excl", "extn" ]
'_space_group_crystal_system' => [ "triclinic", "monoclinic", "orthorhombic", "tetragonal", "trigonal", "hexagonal", "cubic" ]
'_symmetry_cell_setting' => [ "triclinic", "monoclinic", "orthorhombic", "tetragonal", "rhombohedral", "trigonal", "hexagonal", "cubic" ]
