# All error message fields present
scripts/cod_predeposition_check: tests/inputs/cif-parser-tests/data_string_error_01.inp(3,17) data_block: ERROR, syntax error.
# No column number
scripts/cod_predeposition_check: tests/inputs/cif-parser-tests/data_string_error_01.inp(3) data_block: ERROR, syntax error.
# No line number, column number
scripts/cod_predeposition_check: tests/inputs/cif-parser-tests/data_string_error_01.inp data_block: ERROR, syntax error.
# No datablock
scripts/cod_predeposition_check: tests/inputs/cif-parser-tests/data_string_error_01.inp(3,17): ERROR, syntax error.
# No datablock, column number
scripts/cod_predeposition_check: tests/inputs/cif-parser-tests/data_string_error_01.inp(3): ERROR, syntax error.
# No datablock, line number, column number
scripts/cod_predeposition_check: tests/inputs/cif-parser-tests/data_string_error_01.inp: ERROR, syntax error.
# No filename, datablock
scripts/cod_predeposition_check: ERROR, syntax error.
# No error level
scripts/cod_predeposition_check: tests/inputs/cif-parser-tests/data_string_error_01.inp(3,17) data_block: syntax error.
# No error level, column number
scripts/cod_predeposition_check: tests/inputs/cif-parser-tests/data_string_error_01.inp(3) data_block: syntax error.
# No error level, line number, column number
scripts/cod_predeposition_check: tests/inputs/cif-parser-tests/data_string_error_01.inp data_block: syntax error.
# No error level, datablock
scripts/cod_predeposition_check: tests/inputs/cif-parser-tests/data_string_error_01.inp(3,17): syntax error.
# No error level, datablock, column number
scripts/cod_predeposition_check: tests/inputs/cif-parser-tests/data_string_error_01.inp(3): syntax error.
# No error level, datablock, column number, line number
scripts/cod_predeposition_check: tests/inputs/cif-parser-tests/data_string_error_01.inp: syntax error.
# No error level, datablock, filename
scripts/cod_predeposition_check: syntax error.
