_dft_1e_energy
_dft_2e_energy
_dft_alloy_method
_dft_alloy_method_other_name
_dft_alloy_supercell
_dft_atom_basisset
_dft_atom_basisset_citation_id
_dft_atom_basisset_energy_conv
_dft_atom_basisset_type
_dft_atom_relax_energy_conv
_dft_atom_relax_force_conv
_dft_atom_type_coulomb_J
_dft_atom_type_coulomb_U
_dft_atom_type_DMFT_solver
_dft_atom_type_double_count
_dft_atom_type_magn_moment
_dft_atom_type_magn_orbital_moment
_dft_atom_type_magn_spin_moment
_dft_atom_type_nuclear_charge
_dft_atom_type_occupation
_dft_atom_type_radius
_dft_atom_type_valence_configuration
_dft_atom_type_valence_electrons
_dft_basisset_[]
_dft_basisset_citation_id
_dft_basisset_database_abbrev
_dft_basisset_database_citation_id
_dft_basisset_database_code
_dft_basisset_database_name
_dft_basisset_database_URI
_dft_basisset_energy_conv
_dft_basisset_type
_dft_basisset_URI
_dft_BZ_integration_citation_id
_dft_BZ_integration_energy_conv
_dft_BZ_integration_Froyen_map
_dft_BZ_integration_grid_[]
_dft_BZ_integration_grid_X
_dft_BZ_integration_grid_Y
_dft_BZ_integration_grid_Z
_dft_BZ_integration_grid_dens_[]
_dft_BZ_integration_grid_dens_X
_dft_BZ_integration_grid_dens_Y
_dft_BZ_integration_grid_dens_Z
_dft_BZ_integration_grid_IBZ_points
_dft_BZ_integration_grid_shift_[]
_dft_BZ_integration_grid_shift_X
_dft_BZ_integration_grid_shift_Y
_dft_BZ_integration_grid_shift_Z
_dft_BZ_integration_grid_type
_dft_BZ_integration_method
_dft_BZ_integration_MP_order
_dft_BZ_integration_smearing_width
_dft_cell_density_conv
_dft_cell_energy
_dft_cell_energy_conv
_dft_cell_magn_moment
_dft_cell_magn_orbital_moment
_dft_cell_magn_spin_moment
_dft_cell_periodic_BC_[]
_dft_cell_periodic_BC_X
_dft_cell_periodic_BC_Y
_dft_cell_periodic_BC_Z
_dft_cell_potential_conv
_dft_cell_pressure
_dft_cell_valence_electrons
_dft_core_electrons
_dft_correlation_energy
_dft_Coulomb_energy
_dft_ewald_energy
_dft_fermi_energy
_dft_hartree_energy
_dft_kinetic_energy
_dft_nuclear_repulsion_energy
_dft_pseudopotential_citation_id
_dft_pseudopotential_type
_dft_pseudopotential_type_other_name
_dft_XC_correlation_functional
_dft_XC_exchange_functional
_dft_XC_functional_[]
_dft_XC_functional_citation_id
_dft_XC_functional_type
_dft_XC_functional_type_other_name
