_array_data.array_id
_array_data.binary_id
_array_element_size.index
_array_intensities.array_id
_array_intensities.binary_id
_array_intensities.gain
_array_intensities.linearity
_array_intensities.offset
_array_intensities.scaling
_array_intensities.undefined_value
_array_structure.byte_order
_array_structure.encoding_type
_array_structure.id
_array_structure_list.array_id
_array_structure_list.axis_set_id
_array_structure_list.index
_array_structure_list.precedence
_array_structure_list_axis.axis_id
_array_structure_list_axis.axis_set_id
_array_structure_list_axis.displacement_increment
_atom_local_axes_[rho]
_atom_local_axes_atom_label
_atom_rho_multipole_[rho]
_atom_site.B_equiv_geom_mean
_atom_site.B_iso_or_equiv
_atom_site.B_iso_or_equiv_esd
_atom_site.Cartn_x
_atom_site.Cartn_x_esd
_atom_site.Cartn_y
_atom_site.Cartn_y_esd
_atom_site.Cartn_z
_atom_site.Cartn_z_esd
_atom_site.U_equiv_geom_mean
_atom_site.U_iso_or_equiv
_atom_site.U_iso_or_equiv_esd
_atom_site.aniso_B[1][1]
_atom_site.aniso_B[1][1]_esd
_atom_site.aniso_B[1][2]
_atom_site.aniso_B[1][2]_esd
_atom_site.aniso_B[1][3]
_atom_site.aniso_B[1][3]_esd
_atom_site.aniso_B[2][2]
_atom_site.aniso_B[2][2]_esd
_atom_site.aniso_B[2][3]
_atom_site.aniso_B[2][3]_esd
_atom_site.aniso_B[3][3]
_atom_site.aniso_B[3][3]_esd
_atom_site.aniso_U[1][1]
_atom_site.aniso_U[1][1]_esd
_atom_site.aniso_U[1][2]
_atom_site.aniso_U[1][2]_esd
_atom_site.aniso_U[1][3]
_atom_site.aniso_U[1][3]_esd
_atom_site.aniso_U[2][2]
_atom_site.aniso_U[2][2]_esd
_atom_site.aniso_U[2][3]
_atom_site.aniso_U[2][3]_esd
_atom_site.aniso_U[3][3]
_atom_site.aniso_U[3][3]_esd
_atom_site.auth_asym_id
_atom_site.auth_atom_id
_atom_site.auth_comp_id
_atom_site.auth_seq_id
_atom_site.chemical_conn_number
_atom_site.footnote_id
_atom_site.fract_x
_atom_site.fract_x_esd
_atom_site.fract_y
_atom_site.fract_y_esd
_atom_site.fract_z
_atom_site.fract_z_esd
_atom_site.id
_atom_site.label_alt_id
_atom_site.label_asym_id
_atom_site.label_atom_id
_atom_site.label_comp_id
_atom_site.label_entity_id
_atom_site.label_seq_id
_atom_site.refinement_flags_adp
_atom_site.refinement_flags_occupancy
_atom_site.refinement_flags_posn
_atom_site.symmetry_multiplicity
_atom_site.type_symbol
_atom_site_Fourier_wave_vector_[]
_atom_site_U_Fourier_[]
_atom_site_U_Fourier_param_[]
_atom_site_[]
_atom_site_[ms]
_atom_site_[rho]
_atom_site_adp_type
_atom_site_anisotrop.B[1][1]
_atom_site_anisotrop.B[1][1]_esd
_atom_site_anisotrop.B[1][2]
_atom_site_anisotrop.B[1][2]_esd
_atom_site_anisotrop.B[1][3]
_atom_site_anisotrop.B[1][3]_esd
_atom_site_anisotrop.B[2][2]
_atom_site_anisotrop.B[2][2]_esd
_atom_site_anisotrop.B[2][3]
_atom_site_anisotrop.B[2][3]_esd
_atom_site_anisotrop.B[3][3]
_atom_site_anisotrop.B[3][3]_esd
_atom_site_anisotrop.U[1][1]
_atom_site_anisotrop.U[1][1]_esd
_atom_site_anisotrop.U[1][2]
_atom_site_anisotrop.U[1][2]_esd
_atom_site_anisotrop.U[1][3]
_atom_site_anisotrop.U[1][3]_esd
_atom_site_anisotrop.U[2][2]
_atom_site_anisotrop.U[2][2]_esd
_atom_site_anisotrop.U[2][3]
_atom_site_anisotrop.U[2][3]_esd
_atom_site_anisotrop.U[3][3]
_atom_site_anisotrop.U[3][3]_esd
_atom_site_anisotrop.id
_atom_site_anisotrop.type_symbol
_atom_site_displace_Fourier_[]
_atom_site_displace_Fourier_param_[]
_atom_site_displace_special_func_[]
_atom_site_occ_Fourier_[]
_atom_site_occ_Fourier_param_[]
_atom_site_occ_special_func_[]
_atom_site_phason_[]
_atom_site_refinement_flags
_atom_site_refinement_flags_adp
_atom_site_refinement_flags_occupancy
_atom_site_refinement_flags_posn
_atom_site_rot_Fourier_[]
_atom_site_rot_Fourier_param_[]
_atom_site_symmetry_multiplicity
_atom_sites.entry_id
_atom_sites_Cartn_tran_matrix_11
_atom_sites_Cartn_tran_matrix_12
_atom_sites_Cartn_tran_matrix_13
_atom_sites_Cartn_tran_matrix_21
_atom_sites_Cartn_tran_matrix_22
_atom_sites_Cartn_tran_matrix_23
_atom_sites_Cartn_tran_matrix_31
_atom_sites_Cartn_tran_matrix_32
_atom_sites_Cartn_tran_matrix_33
_atom_sites_Cartn_tran_vector_1
_atom_sites_Cartn_tran_vector_2
_atom_sites_Cartn_tran_vector_3
_atom_sites_Cartn_transform_axes
_atom_sites_[]
_atom_sites_alt.id
_atom_sites_alt_ens.id
_atom_sites_alt_gen.alt_id
_atom_sites_alt_gen.ens_id
_atom_sites_displace_Fourier_[]
_atom_sites_displace_Fourier_axes_description
_atom_sites_footnote.id
_atom_sites_fract_tran_matrix_11
_atom_sites_fract_tran_matrix_12
_atom_sites_fract_tran_matrix_13
_atom_sites_fract_tran_matrix_21
_atom_sites_fract_tran_matrix_22
_atom_sites_fract_tran_matrix_23
_atom_sites_fract_tran_matrix_31
_atom_sites_fract_tran_matrix_32
_atom_sites_fract_tran_matrix_33
_atom_sites_fract_tran_vector_1
_atom_sites_fract_tran_vector_2
_atom_sites_fract_tran_vector_3
_atom_sites_modulation_[]
_atom_sites_modulation_global_phase_t_1
_atom_sites_modulation_global_phase_t_2
_atom_sites_modulation_global_phase_t_3
_atom_sites_modulation_global_phase_t_4
_atom_sites_modulation_global_phase_t_5
_atom_sites_modulation_global_phase_t_6
_atom_sites_modulation_global_phase_t_7
_atom_sites_modulation_global_phase_t_8
_atom_sites_rot_Fourier_[]
_atom_sites_rot_Fourier_axes_description
_atom_sites_solution_hydrogens
_atom_sites_solution_primary
_atom_sites_solution_secondary
_atom_sites_special_details
_atom_type.scat_Cromer_Mann_a1
_atom_type.scat_Cromer_Mann_a2
_atom_type.scat_Cromer_Mann_a3
_atom_type.scat_Cromer_Mann_a4
_atom_type.scat_Cromer_Mann_b1
_atom_type.scat_Cromer_Mann_b2
_atom_type.scat_Cromer_Mann_b3
_atom_type.scat_Cromer_Mann_b4
_atom_type.scat_Cromer_Mann_c
_atom_type.scat_dispersion_imag
_atom_type.scat_dispersion_real
_atom_type.symbol
_atom_type_[]
_atom_type_scat_dispersion_source
_audit_[]
_audit_author_[]
_audit_block_code
_audit_conform.dict_version
_audit_conform_[]
_audit_contact_author_[]
_audit_contact_author_address
_audit_contact_author_email
_audit_contact_author_fax
_audit_contact_author_name
_audit_contact_author_phone
_audit_creation_date
_audit_creation_method
_audit_link.block_code
_audit_link.block_description
_audit_link_[]
_audit_link_[ms]
_audit_link_block_code
_audit_link_block_description
_audit_update_record
_axis.depends_on
_axis.equipment
_axis.id
_category
_category.id
_category.implicit_key
_category_examples.case
_category_examples.id
_category_group.category_id
_category_group.id
_category_group_list.id
_category_group_list.parent_id
_category_key.id
_category_key.name
_category_methods.category_id
_category_methods.method_id
_cell.angle_alpha
_cell.angle_alpha_esd
_cell.angle_beta
_cell.angle_beta_esd
_cell.angle_gamma
_cell.angle_gamma_esd
_cell.entry_id
_cell.length_a
_cell.length_a_esd
_cell.length_b
_cell.length_b_esd
_cell.length_c
_cell.length_c_esd
_cell_[]
_cell_[ms]
_cell_angle_alpha
_cell_angle_beta
_cell_angle_gamma
_cell_formula_units_Z
_cell_length_a
_cell_length_a_nm
_cell_length_a_pm
_cell_length_b
_cell_length_b_nm
_cell_length_b_pm
_cell_length_c
_cell_length_c_nm
_cell_length_c_pm
_cell_measurement.entry_id
_cell_measurement_pressure
_cell_measurement_pressure_gPa
_cell_measurement_radiation
_cell_measurement_refln.index_h
_cell_measurement_refln.index_k
_cell_measurement_refln.index_l
_cell_measurement_refln_[]
_cell_measurement_reflns_used
_cell_measurement_temperature
_cell_measurement_temperature_C
_cell_measurement_theta_max
_cell_measurement_theta_min
_cell_measurement_wavelength
_cell_measurement_wavelength_nm
_cell_measurement_wavelength_pm
_cell_modulation_dimension
_cell_reciprocal_angle_alpha
_cell_reciprocal_angle_beta
_cell_reciprocal_angle_gamma
_cell_reciprocal_basis_description
_cell_reciprocal_basis_vect_number
_cell_reciprocal_length_a
_cell_reciprocal_length_b
_cell_reciprocal_length_c
_cell_special_details
_cell_subsystem_[ms]
_cell_subsystems_[ms]
_cell_subsystems_number
_cell_volume
_cell_volume_nm
_cell_volume_pm
_cell_wave_vector_[ms]
_cell_wave_vectors_[ms]
_cell_wave_vectors_meas_details
_cell_wave_vectors_pressure_max
_cell_wave_vectors_pressure_min
_cell_wave_vectors_temp_max
_cell_wave_vectors_temp_min
_cell_wave_vectors_variation
_chem_comp.id
_chem_comp.mon_nstd_parent_comp_id
_chem_comp.type
_chem_comp_angle.atom_id_1
_chem_comp_angle.atom_id_2
_chem_comp_angle.atom_id_3
_chem_comp_angle.comp_id
_chem_comp_atom.atom_id
_chem_comp_atom.comp_id
_chem_comp_atom.model_Cartn_x
_chem_comp_atom.model_Cartn_x_esd
_chem_comp_atom.model_Cartn_y
_chem_comp_atom.model_Cartn_y_esd
_chem_comp_atom.model_Cartn_z
_chem_comp_atom.model_Cartn_z_esd
_chem_comp_atom.type_symbol
_chem_comp_bond.atom_id_1
_chem_comp_bond.atom_id_2
_chem_comp_bond.comp_id
_chem_comp_chir.atom_id
_chem_comp_chir.comp_id
_chem_comp_chir.id
_chem_comp_chir_atom.atom_id
_chem_comp_chir_atom.chir_id
_chem_comp_chir_atom.comp_id
_chem_comp_link.link_id
_chem_comp_link.type_comp_1
_chem_comp_link.type_comp_2
_chem_comp_plane.comp_id
_chem_comp_plane.id
_chem_comp_plane_atom.atom_id
_chem_comp_plane_atom.comp_id
_chem_comp_plane_atom.plane_id
_chem_comp_tor.atom_id_1
_chem_comp_tor.atom_id_2
_chem_comp_tor.atom_id_3
_chem_comp_tor.atom_id_4
_chem_comp_tor.comp_id
_chem_comp_tor.id
_chem_comp_tor_value.comp_id
_chem_comp_tor_value.tor_id
_chem_link.id
_chem_link_angle.atom_1_comp_id
_chem_link_angle.atom_2_comp_id
_chem_link_angle.atom_3_comp_id
_chem_link_angle.atom_id_1
_chem_link_angle.atom_id_2
_chem_link_angle.atom_id_3
_chem_link_angle.link_id
_chem_link_bond.atom_1_comp_id
_chem_link_bond.atom_2_comp_id
_chem_link_bond.atom_id_1
_chem_link_bond.atom_id_2
_chem_link_bond.link_id
_chem_link_chir.id
_chem_link_chir.link_id
_chem_link_chir_atom.atom_id
_chem_link_chir_atom.chir_id
_chem_link_plane.id
_chem_link_plane.link_id
_chem_link_plane_atom.atom_id
_chem_link_plane_atom.plane_id
_chem_link_tor.atom_1_comp_id
_chem_link_tor.atom_2_comp_id
_chem_link_tor.atom_3_comp_id
_chem_link_tor.atom_4_comp_id
_chem_link_tor.atom_id_1
_chem_link_tor.atom_id_2
_chem_link_tor.atom_id_3
_chem_link_tor.atom_id_4
_chem_link_tor.id
_chem_link_tor.link_id
_chem_link_tor_value.tor_id
_chemical.compound_source
_chemical.entry_id
_chemical_[]
_chemical_absolute_configuration
_chemical_compound_source
_chemical_conn_atom.display_x
_chemical_conn_atom.display_y
_chemical_conn_atom.number
_chemical_conn_atom.type_symbol
_chemical_conn_atom_[]
_chemical_conn_bond.atom_1
_chemical_conn_bond.atom_2
_chemical_conn_bond_[]
_chemical_formula.entry_id
_chemical_formula_[]
_chemical_formula_analytical
_chemical_formula_iupac
_chemical_formula_moiety
_chemical_formula_structural
_chemical_formula_sum
_chemical_formula_weight
_chemical_formula_weight_meas
_chemical_melting_point
_chemical_melting_point_C
_chemical_melting_point_gt
_chemical_melting_point_lt
_chemical_name_common
_chemical_name_mineral
_chemical_name_structure_type
_chemical_name_systematic
_chemical_optical_rotation
_chemical_properties_biological
_chemical_properties_physical
_chemical_temperature_decomposition
_chemical_temperature_decomposition_gt
_chemical_temperature_decomposition_lt
_chemical_temperature_sublimation
_chemical_temperature_sublimation_gt
_chemical_temperature_sublimation_lt
_cifdic_dictionary_[]
_citation.id
_citation_[]
_citation_author.citation_id
_citation_author.name
_citation_author_[]
_citation_database_id_CSD
_citation_editor.citation_id
_citation_editor.name
_citation_editor_[]
_computing.entry_id
_computing_[]
_computing_cell_refinement
_computing_data_collection
_computing_data_reduction
_computing_molecular_graphics
_computing_publication_material
_computing_structure_refinement
_computing_structure_solution
_crystal.magnetic_permeability
_crystal_magnetic_permeability
_database.code_CSD
_database.code_ICSD
_database.code_MDF
_database.code_NBS
_database.code_PDF
_database.entry_id
_database_2.database_code
_database_CSD_history
_database_PDB_matrix.entry_id
_database_PDB_rev.num
_database_PDB_rev_record.rev_num
_database_PDB_rev_record.type
_database_[]
_database_code_CAS
_database_code_CSD
_database_code_ICSD
_database_code_MDF
_database_code_NBS
_database_code_PDB
_database_code_PDF
_database_code_depnum_ccdc_archive
_database_code_depnum_ccdc_fiz
_database_code_depnum_ccdc_journal
_database_journal_ASTM
_database_journal_CSD
_datablock.id
_datablock_methods.datablock_id
_datablock_methods.method_id
_definition
_dictionary.datablock_id
_dictionary.version
_dictionary_history
_dictionary_history.version
_dictionary_name
_dictionary_update
_dictionary_version
_diffrn.crystal_id
_diffrn.id
_diffrn_[]
_diffrn_ambient_environment
_diffrn_ambient_pressure
_diffrn_ambient_pressure_gPa
_diffrn_ambient_pressure_gt
_diffrn_ambient_pressure_lt
_diffrn_ambient_temperature
_diffrn_ambient_temperature_C
_diffrn_ambient_temperature_gt
_diffrn_ambient_temperature_lt
_diffrn_attenuator.code
_diffrn_attenuator_[]
_diffrn_attenuator_material
_diffrn_crystal_treatment
_diffrn_data_frame.array_id
_diffrn_data_frame.binary_id
_diffrn_data_frame.detector_element_id
_diffrn_data_frame.id
_diffrn_detector
_diffrn_detector.array_id
_diffrn_detector.diffrn_id
_diffrn_detector.id
_diffrn_detector_[]
_diffrn_detector_area_resol_mean
_diffrn_detector_axis.axis_id
_diffrn_detector_axis.detector_id
_diffrn_detector_axis.id
_diffrn_detector_details
_diffrn_detector_dtime
_diffrn_detector_element.center[2]
_diffrn_detector_element.detector_id
_diffrn_detector_element.id
_diffrn_detector_type
_diffrn_frame_data.array_id
_diffrn_frame_data.binary_id
_diffrn_frame_data.detector_element_id
_diffrn_frame_data.id
_diffrn_measured_fraction_theta_full
_diffrn_measured_fraction_theta_max
_diffrn_measurement.device
_diffrn_measurement.diffrn_id
_diffrn_measurement.id
_diffrn_measurement_[]
_diffrn_measurement_axis.axis_id
_diffrn_measurement_axis.id
_diffrn_measurement_axis.measurement_device
_diffrn_measurement_axis.measurement_id
_diffrn_measurement_details
_diffrn_measurement_device
_diffrn_measurement_device_details
_diffrn_measurement_device_type
_diffrn_measurement_method
_diffrn_measurement_specimen_support
_diffrn_orient_matrix.diffrn_id
_diffrn_orient_matrix_UB_11
_diffrn_orient_matrix_UB_12
_diffrn_orient_matrix_UB_13
_diffrn_orient_matrix_UB_21
_diffrn_orient_matrix_UB_22
_diffrn_orient_matrix_UB_23
_diffrn_orient_matrix_UB_31
_diffrn_orient_matrix_UB_32
_diffrn_orient_matrix_UB_33
_diffrn_orient_matrix_[]
_diffrn_orient_matrix_type
_diffrn_orient_refln.angle_chi
_diffrn_orient_refln.angle_kappa
_diffrn_orient_refln.angle_omega
_diffrn_orient_refln.angle_phi
_diffrn_orient_refln.angle_psi
_diffrn_orient_refln.angle_theta
_diffrn_orient_refln.diffrn_id
_diffrn_orient_refln.index_h
_diffrn_orient_refln.index_k
_diffrn_orient_refln.index_l
_diffrn_orient_refln_[]
_diffrn_radiation.diffrn_id
_diffrn_radiation.div_x_y_source
_diffrn_radiation.polarisn_norm
_diffrn_radiation.polarizn_source_norm
_diffrn_radiation.polarizn_source_ratio
_diffrn_radiation.wavelength_id
_diffrn_radiation_[]
_diffrn_radiation_collimation
_diffrn_radiation_detector
_diffrn_radiation_detector_dtime
_diffrn_radiation_filter_edge
_diffrn_radiation_inhomogeneity
_diffrn_radiation_monochromator
_diffrn_radiation_polarisn_norm
_diffrn_radiation_polarisn_ratio
_diffrn_radiation_probe
_diffrn_radiation_source
_diffrn_radiation_type
_diffrn_radiation_wavelength.id
_diffrn_radiation_wavelength.wavelength
_diffrn_radiation_wavelength.wt
_diffrn_radiation_wavelength_[]
_diffrn_radiation_xray_symbol
_diffrn_refln.attenuator_code
_diffrn_refln.diffrn_id
_diffrn_refln.frame_id
_diffrn_refln.id
_diffrn_refln.index_h
_diffrn_refln.index_k
_diffrn_refln.index_l
_diffrn_refln.scale_group_code
_diffrn_refln.standard_code
_diffrn_refln.wavelength_id
_diffrn_refln_[]
_diffrn_refln_[ms]
_diffrn_refln_class_code
_diffrn_refln_intensity_u
_diffrn_reflns.diffrn_id
_diffrn_reflns_[]
_diffrn_reflns_[ms]
_diffrn_reflns_av_R_equivalents
_diffrn_reflns_av_sigmaI/netI
_diffrn_reflns_av_unetI/netI
_diffrn_reflns_class_[]
_diffrn_reflns_class_av_R_eq
_diffrn_reflns_class_av_sgI/I
_diffrn_reflns_class_av_uI/I
_diffrn_reflns_class_code
_diffrn_reflns_class_d_res_high
_diffrn_reflns_class_d_res_low
_diffrn_reflns_class_description
_diffrn_reflns_class_number
_diffrn_reflns_limit_h_max
_diffrn_reflns_limit_h_min
_diffrn_reflns_limit_index_m_1_max
_diffrn_reflns_limit_index_m_1_min
_diffrn_reflns_limit_index_m_2_max
_diffrn_reflns_limit_index_m_2_min
_diffrn_reflns_limit_index_m_3_max
_diffrn_reflns_limit_index_m_3_min
_diffrn_reflns_limit_index_m_4_max
_diffrn_reflns_limit_index_m_4_min
_diffrn_reflns_limit_index_m_5_max
_diffrn_reflns_limit_index_m_5_min
_diffrn_reflns_limit_index_m_6_max
_diffrn_reflns_limit_index_m_6_min
_diffrn_reflns_limit_index_m_7_max
_diffrn_reflns_limit_index_m_7_min
_diffrn_reflns_limit_index_m_8_max
_diffrn_reflns_limit_index_m_8_min
_diffrn_reflns_limit_k_max
_diffrn_reflns_limit_k_min
_diffrn_reflns_limit_l_max
_diffrn_reflns_limit_l_min
_diffrn_reflns_number
_diffrn_reflns_reduction_process
_diffrn_reflns_resolution_full
_diffrn_reflns_resolution_max
_diffrn_reflns_satellite_order_max
_diffrn_reflns_theta_full
_diffrn_reflns_theta_max
_diffrn_reflns_theta_min
_diffrn_reflns_transf_matrix_11
_diffrn_reflns_transf_matrix_12
_diffrn_reflns_transf_matrix_13
_diffrn_reflns_transf_matrix_21
_diffrn_reflns_transf_matrix_22
_diffrn_reflns_transf_matrix_23
_diffrn_reflns_transf_matrix_31
_diffrn_reflns_transf_matrix_32
_diffrn_reflns_transf_matrix_33
_diffrn_scale_group.code
_diffrn_scale_group_[]
_diffrn_scan.date_start
_diffrn_scan.frame_id_end
_diffrn_scan.frame_id_start
_diffrn_scan.id
_diffrn_scan.integration_time
_diffrn_scan_axis.angle_increment
_diffrn_scan_axis.angle_range
_diffrn_scan_axis.angle_rstrt_incr
_diffrn_scan_axis.axis_id
_diffrn_scan_axis.displacement_increment
_diffrn_scan_axis.displacement_rstrt_incr
_diffrn_scan_axis.scan_id
_diffrn_scan_frame.frame_id
_diffrn_scan_frame.integration_time
_diffrn_scan_frame.scan_id
_diffrn_scan_frame_axis.angle
_diffrn_scan_frame_axis.angle_increment
_diffrn_scan_frame_axis.angle_rstrt_incr
_diffrn_scan_frame_axis.axis_id
_diffrn_scan_frame_axis.displacement
_diffrn_scan_frame_axis.displacement_increment
_diffrn_scan_frame_axis.displacement_rstrt_incr
_diffrn_scan_frame_axis.frame_id
_diffrn_source
_diffrn_source.diffrn_id
_diffrn_source_[]
_diffrn_source_current
_diffrn_source_details
_diffrn_source_power
_diffrn_source_size
_diffrn_source_take-off_angle
_diffrn_source_target
_diffrn_source_type
_diffrn_source_voltage
_diffrn_special_details
_diffrn_standard_refln.code
_diffrn_standard_refln.diffrn_id
_diffrn_standard_refln.index_h
_diffrn_standard_refln.index_k
_diffrn_standard_refln.index_l
_diffrn_standard_refln_[]
_diffrn_standard_refln_[ms]
_diffrn_standards.diffrn_id
_diffrn_standards_[]
_diffrn_standards_decay_%
_diffrn_standards_interval_count
_diffrn_standards_interval_time
_diffrn_standards_number
_diffrn_standards_scale_sigma
_diffrn_standards_scale_u
_diffrn_symmetry_description
_entity.id
_entity_keywords.entity_id
_entity_keywords.text
_entity_link.entity_id_1
_entity_link.entity_id_2
_entity_link.entity_seq_num_1
_entity_link.entity_seq_num_2
_entity_link.link_id
_entity_name_com.entity_id
_entity_name_com.name
_entity_name_sys.entity_id
_entity_name_sys.name
_entity_poly.entity_id
_entity_poly_seq.entity_id
_entity_poly_seq.mon_id
_entity_poly_seq.num
_entity_src_gen.entity_id
_entity_src_nat.entity_id
_entry.id
_entry_link.entry_id
_enumeration_default
_enumeration_range
_exptl.entry_id
_exptl_[]
_exptl_absorpt_coefficient_mu
_exptl_absorpt_correction_T_max
_exptl_absorpt_correction_T_min
_exptl_absorpt_correction_type
_exptl_absorpt_process_details
_exptl_crystal.id
_exptl_crystal_[]
_exptl_crystal_[ms]
_exptl_crystal_colour_lustre
_exptl_crystal_colour_modifier
_exptl_crystal_colour_primary
_exptl_crystal_density_meas
_exptl_crystal_density_meas_gt
_exptl_crystal_density_meas_lt
_exptl_crystal_density_meas_temp
_exptl_crystal_density_meas_temp_gt
_exptl_crystal_density_meas_temp_lt
_exptl_crystal_face.crystal_id
_exptl_crystal_face.index_h
_exptl_crystal_face.index_k
_exptl_crystal_face.index_l
_exptl_crystal_face_[]
_exptl_crystal_face_[ms]
_exptl_crystal_grow.crystal_id
_exptl_crystal_grow_comp.crystal_id
_exptl_crystal_recrystallization_method
_exptl_crystal_type_of_structure
_exptl_crystals_number
_exptl_special_details
_fix_bkg
_geom.entry_id
_geom_[]
_geom_angle.atom_site_auth_asym_id_1
_geom_angle.atom_site_auth_asym_id_2
_geom_angle.atom_site_auth_asym_id_3
_geom_angle.atom_site_auth_atom_id_1
_geom_angle.atom_site_auth_atom_id_2
_geom_angle.atom_site_auth_atom_id_3
_geom_angle.atom_site_auth_comp_id_1
_geom_angle.atom_site_auth_comp_id_2
_geom_angle.atom_site_auth_comp_id_3
_geom_angle.atom_site_auth_seq_id_1
_geom_angle.atom_site_auth_seq_id_2
_geom_angle.atom_site_auth_seq_id_3
_geom_angle.atom_site_id_1
_geom_angle.atom_site_id_2
_geom_angle.atom_site_id_3
_geom_angle.atom_site_label_alt_id_1
_geom_angle.atom_site_label_alt_id_2
_geom_angle.atom_site_label_alt_id_3
_geom_angle.atom_site_label_asym_id_1
_geom_angle.atom_site_label_asym_id_2
_geom_angle.atom_site_label_asym_id_3
_geom_angle.atom_site_label_atom_id_1
_geom_angle.atom_site_label_atom_id_2
_geom_angle.atom_site_label_atom_id_3
_geom_angle.atom_site_label_comp_id_1
_geom_angle.atom_site_label_comp_id_2
_geom_angle.atom_site_label_comp_id_3
_geom_angle.atom_site_label_seq_id_1
_geom_angle.atom_site_label_seq_id_2
_geom_angle.atom_site_label_seq_id_3
_geom_angle.site_symmetry_1
_geom_angle.site_symmetry_2
_geom_angle.site_symmetry_3
_geom_angle_DHA
_geom_angle_[]
_geom_angle_[ms]
_geom_bond.atom_site_auth_asym_id_1
_geom_bond.atom_site_auth_asym_id_2
_geom_bond.atom_site_auth_atom_id_1
_geom_bond.atom_site_auth_atom_id_2
_geom_bond.atom_site_auth_comp_id_1
_geom_bond.atom_site_auth_comp_id_2
_geom_bond.atom_site_auth_seq_id_1
_geom_bond.atom_site_auth_seq_id_2
_geom_bond.atom_site_id_1
_geom_bond.atom_site_id_2
_geom_bond.atom_site_label_alt_id_1
_geom_bond.atom_site_label_alt_id_2
_geom_bond.atom_site_label_asym_id_1
_geom_bond.atom_site_label_asym_id_2
_geom_bond.atom_site_label_atom_id_1
_geom_bond.atom_site_label_atom_id_2
_geom_bond.atom_site_label_comp_id_1
_geom_bond.atom_site_label_comp_id_2
_geom_bond.atom_site_label_seq_id_1
_geom_bond.atom_site_label_seq_id_2
_geom_bond.site_symmetry_1
_geom_bond.site_symmetry_2
_geom_bond_[]
_geom_bond_[ms]
_geom_bond_distance_DH
_geom_bond_valence
_geom_contact.atom_site_auth_asym_id_1
_geom_contact.atom_site_auth_asym_id_2
_geom_contact.atom_site_auth_atom_id_1
_geom_contact.atom_site_auth_atom_id_2
_geom_contact.atom_site_auth_comp_id_1
_geom_contact.atom_site_auth_comp_id_2
_geom_contact.atom_site_auth_seq_id_1
_geom_contact.atom_site_auth_seq_id_2
_geom_contact.atom_site_id_1
_geom_contact.atom_site_id_2
_geom_contact.atom_site_label_alt_id_1
_geom_contact.atom_site_label_alt_id_2
_geom_contact.atom_site_label_asym_id_1
_geom_contact.atom_site_label_asym_id_2
_geom_contact.atom_site_label_atom_id_1
_geom_contact.atom_site_label_atom_id_2
_geom_contact.atom_site_label_comp_id_1
_geom_contact.atom_site_label_comp_id_2
_geom_contact.atom_site_label_seq_id_1
_geom_contact.atom_site_label_seq_id_2
_geom_contact.site_symmetry_1
_geom_contact.site_symmetry_2
_geom_contact_[]
_geom_contact_[ms]
_geom_contact_distance_DA
_geom_contact_distance_HA
_geom_contact_site_symmetry_A
_geom_contact_site_symmetry_D
_geom_contact_site_symmetry_H
_geom_extra_tableA_col_1
_geom_extra_tableA_col_10
_geom_extra_tableA_col_11
_geom_extra_tableA_col_12
_geom_extra_tableA_col_13
_geom_extra_tableA_col_14
_geom_extra_tableA_col_2
_geom_extra_tableA_col_3
_geom_extra_tableA_col_4
_geom_extra_tableA_col_5
_geom_extra_tableA_col_6
_geom_extra_tableA_col_7
_geom_extra_tableA_col_8
_geom_extra_tableA_col_9
_geom_extra_tableB_col_1
_geom_extra_tableB_col_10
_geom_extra_tableB_col_11
_geom_extra_tableB_col_12
_geom_extra_tableB_col_13
_geom_extra_tableB_col_14
_geom_extra_tableB_col_2
_geom_extra_tableB_col_3
_geom_extra_tableB_col_4
_geom_extra_tableB_col_5
_geom_extra_tableB_col_6
_geom_extra_tableB_col_7
_geom_extra_tableB_col_8
_geom_extra_tableB_col_9
_geom_extra_tableC_col_1
_geom_extra_tableC_col_10
_geom_extra_tableC_col_11
_geom_extra_tableC_col_12
_geom_extra_tableC_col_13
_geom_extra_tableC_col_14
_geom_extra_tableC_col_2
_geom_extra_tableC_col_3
_geom_extra_tableC_col_4
_geom_extra_tableC_col_5
_geom_extra_tableC_col_6
_geom_extra_tableC_col_7
_geom_extra_tableC_col_8
_geom_extra_tableC_col_9
_geom_extra_table_[]
_geom_extra_table_head_A
_geom_extra_table_head_B
_geom_extra_table_head_C
_geom_extra_tables_[]
_geom_hbond.atom_site_auth_asym_id_A
_geom_hbond.atom_site_auth_asym_id_D
_geom_hbond.atom_site_auth_asym_id_H
_geom_hbond.atom_site_auth_atom_id_A
_geom_hbond.atom_site_auth_atom_id_D
_geom_hbond.atom_site_auth_atom_id_H
_geom_hbond.atom_site_auth_comp_id_A
_geom_hbond.atom_site_auth_comp_id_D
_geom_hbond.atom_site_auth_comp_id_H
_geom_hbond.atom_site_auth_seq_id_A
_geom_hbond.atom_site_auth_seq_id_D
_geom_hbond.atom_site_auth_seq_id_H
_geom_hbond.atom_site_id_A
_geom_hbond.atom_site_id_D
_geom_hbond.atom_site_id_H
_geom_hbond.atom_site_label_alt_id_A
_geom_hbond.atom_site_label_alt_id_D
_geom_hbond.atom_site_label_alt_id_H
_geom_hbond.atom_site_label_asym_id_A
_geom_hbond.atom_site_label_asym_id_D
_geom_hbond.atom_site_label_asym_id_H
_geom_hbond.atom_site_label_atom_id_A
_geom_hbond.atom_site_label_atom_id_D
_geom_hbond.atom_site_label_atom_id_H
_geom_hbond.atom_site_label_comp_id_A
_geom_hbond.atom_site_label_comp_id_D
_geom_hbond.atom_site_label_comp_id_H
_geom_hbond.atom_site_label_seq_id_A
_geom_hbond.atom_site_label_seq_id_D
_geom_hbond.atom_site_label_seq_id_H
_geom_hbond.site_symmetry_A
_geom_hbond.site_symmetry_D
_geom_hbond.site_symmetry_H
_geom_hbond_[]
_geom_hbond_angle_DHA
_geom_hbond_atom_site_label_A
_geom_hbond_atom_site_label_D
_geom_hbond_atom_site_label_H
_geom_hbond_distance_DA
_geom_hbond_distance_DH
_geom_hbond_distance_HA
_geom_special_details
_geom_table_footnote_A
_geom_table_footnote_B
_geom_table_footnote_C
_geom_table_headnote_A
_geom_table_headnote_B
_geom_table_headnote_C
_geom_torsion.atom_site_auth_asym_id_1
_geom_torsion.atom_site_auth_asym_id_2
_geom_torsion.atom_site_auth_asym_id_3
_geom_torsion.atom_site_auth_asym_id_4
_geom_torsion.atom_site_auth_atom_id_1
_geom_torsion.atom_site_auth_atom_id_2
_geom_torsion.atom_site_auth_atom_id_3
_geom_torsion.atom_site_auth_atom_id_4
_geom_torsion.atom_site_auth_comp_id_1
_geom_torsion.atom_site_auth_comp_id_2
_geom_torsion.atom_site_auth_comp_id_3
_geom_torsion.atom_site_auth_comp_id_4
_geom_torsion.atom_site_auth_seq_id_1
_geom_torsion.atom_site_auth_seq_id_2
_geom_torsion.atom_site_auth_seq_id_3
_geom_torsion.atom_site_auth_seq_id_4
_geom_torsion.atom_site_id_1
_geom_torsion.atom_site_id_2
_geom_torsion.atom_site_id_3
_geom_torsion.atom_site_id_4
_geom_torsion.atom_site_label_alt_id_1
_geom_torsion.atom_site_label_alt_id_2
_geom_torsion.atom_site_label_alt_id_3
_geom_torsion.atom_site_label_alt_id_4
_geom_torsion.atom_site_label_asym_id_1
_geom_torsion.atom_site_label_asym_id_2
_geom_torsion.atom_site_label_asym_id_3
_geom_torsion.atom_site_label_asym_id_4
_geom_torsion.atom_site_label_atom_id_1
_geom_torsion.atom_site_label_atom_id_2
_geom_torsion.atom_site_label_atom_id_3
_geom_torsion.atom_site_label_atom_id_4
_geom_torsion.atom_site_label_comp_id_1
_geom_torsion.atom_site_label_comp_id_2
_geom_torsion.atom_site_label_comp_id_3
_geom_torsion.atom_site_label_comp_id_4
_geom_torsion.atom_site_label_seq_id_1
_geom_torsion.atom_site_label_seq_id_2
_geom_torsion.atom_site_label_seq_id_3
_geom_torsion.atom_site_label_seq_id_4
_geom_torsion.site_symmetry_1
_geom_torsion.site_symmetry_2
_geom_torsion.site_symmetry_3
_geom_torsion.site_symmetry_4
_geom_torsion_[]
_geom_torsion_[ms]
_item.category_id
_item.mandatory_code
_item.name
_item_aliases.dictionary
_item_aliases.name
_item_aliases.version
_item_default.name
_item_default.value
_item_dependent.dependent_name
_item_dependent.name
_item_description.description
_item_description.name
_item_enumeration.name
_item_enumeration.value
_item_examples.case
_item_examples.name
_item_linked.child_name
_item_linked.parent_name
_item_methods.method_id
_item_methods.name
_item_range.maximum
_item_range.minimum
_item_range.name
_item_related.function_code
_item_related.name
_item_related.related_name
_item_structure.code
_item_structure.name
_item_structure.organization
_item_structure_list.code
_item_structure_list.dimension
_item_structure_list.index
_item_sub_category.id
_item_sub_category.name
_item_type.code
_item_type.name
_item_type_conditions.code
_item_type_conditions.name
_item_type_list.code
_item_type_list.primitive_code
_item_units.code
_item_units.name
_item_units_conversion.from_code
_item_units_conversion.operator
_item_units_conversion.to_code
_item_units_list.code
_iucr_compatibility_tag
_journal.entry_id
_journal_[]
_journal_coden_ASTM
_journal_coden_Cambridge
_journal_coeditor_address
_journal_coeditor_code
_journal_coeditor_email
_journal_coeditor_fax
_journal_coeditor_name
_journal_coeditor_notes
_journal_coeditor_phone
_journal_data_validation_number
_journal_date_accepted
_journal_date_from_coeditor
_journal_date_printers_final
_journal_date_printers_first
_journal_date_proofs_in
_journal_date_proofs_out
_journal_date_recd_copyright
_journal_date_recd_electronic
_journal_date_recd_hard_copy
_journal_date_to_coeditor
_journal_index.term
_journal_index_[]
_journal_index_subterm
_journal_index_term
_journal_index_type
_journal_issue
_journal_language
_journal_name_full
_journal_page_first
_journal_page_last
_journal_paper_category
_journal_suppl_publ_number
_journal_suppl_publ_pages
_journal_techeditor_address
_journal_techeditor_code
_journal_techeditor_email
_journal_techeditor_fax
_journal_techeditor_name
_journal_techeditor_notes
_journal_techeditor_phone
_journal_volume
_journal_year
_list
_list_level
_list_mandatory
_method_list.code
_method_list.id
_method_list.language
_pd_block_[pd]
_pd_calc_[pd]
_pd_calc_method
_pd_calc_point_id
_pd_calib_[pd]
_pd_calibration_conversion_eqn
_pd_calibration_special_details
_pd_char_[pd]
_pd_char_atten_coef_mu_calc
_pd_char_atten_coef_mu_obs
_pd_char_colour
_pd_char_particle_morphology
_pd_char_special_details
_pd_data_[pd]
_pd_data_point_id
_pd_instr_[pd]
_pd_instr_beam_size_ax
_pd_instr_beam_size_eq
_pd_instr_cons_illum_flag
_pd_instr_cons_illum_len
_pd_instr_geometry
_pd_instr_location
_pd_instr_source_size_ax
_pd_instr_source_size_eq
_pd_instr_special_details
_pd_instr_var_illum_len
_pd_meas_2theta_fixed
_pd_meas_2theta_range_inc
_pd_meas_2theta_range_max
_pd_meas_2theta_range_min
_pd_meas_[pd]
_pd_meas_datetime_initiated
_pd_meas_number_of_points
_pd_meas_point_id
_pd_meas_rocking_axis
_pd_meas_scan_method
_pd_meas_special_details
_pd_meas_units_of_intensity
_pd_peak_[pd]
_pd_peak_special_details
_pd_phase_[pd]
_pd_prep_[pd]
_pd_prep_conditions
_pd_prep_cool_rate
_pd_prep_pressure
_pd_prep_temperature
_pd_proc_2theta_range_inc
_pd_proc_2theta_range_max
_pd_proc_2theta_range_min
_pd_proc_[pd]
_pd_proc_info_data_reduction
_pd_proc_info_excluded_regions
_pd_proc_info_special_details
_pd_proc_ls_[pd]
_pd_proc_ls_background_function
_pd_proc_ls_peak_cutoff
_pd_proc_ls_pref_orient_corr
_pd_proc_ls_prof_R_factor
_pd_proc_ls_prof_wR_expected
_pd_proc_ls_prof_wR_factor
_pd_proc_ls_profile_function
_pd_proc_ls_special_details
_pd_proc_number_of_points
_pd_proc_point_id
_pd_refln_[pd]
_pd_spec_[pd]
_pd_spec_description
_pd_spec_mount_mode
_pd_spec_mounting
_pd_spec_orientation
_pd_spec_preparation
_pd_spec_shape
_pd_spec_size_axial
_pd_spec_size_equat
_pd_spec_size_thick
_pd_spec_special_details
_phasing_MAD.entry_id
_phasing_MAD_clust.expt_id
_phasing_MAD_clust.id
_phasing_MAD_expt.id
_phasing_MAD_ratio.clust_id
_phasing_MAD_ratio.expt_id
_phasing_MAD_ratio.wavelength_1
_phasing_MAD_ratio.wavelength_2
_phasing_MAD_set.clust_id
_phasing_MAD_set.expt_id
_phasing_MAD_set.set_id
_phasing_MAD_set.wavelength
_phasing_MIR.entry_id
_phasing_MIR_der.der_set_id
_phasing_MIR_der.id
_phasing_MIR_der.native_set_id
_phasing_MIR_der_refln.F_meas
_phasing_MIR_der_refln.F_meas_au
_phasing_MIR_der_refln.F_meas_sigma
_phasing_MIR_der_refln.F_meas_sigma_au
_phasing_MIR_der_refln.der_id
_phasing_MIR_der_refln.index_h
_phasing_MIR_der_refln.index_k
_phasing_MIR_der_refln.index_l
_phasing_MIR_der_refln.set_id
_phasing_MIR_der_shell.d_res_high
_phasing_MIR_der_shell.d_res_low
_phasing_MIR_der_shell.der_id
_phasing_MIR_der_site.Cartn_x
_phasing_MIR_der_site.Cartn_x_esd
_phasing_MIR_der_site.Cartn_y
_phasing_MIR_der_site.Cartn_y_esd
_phasing_MIR_der_site.Cartn_z
_phasing_MIR_der_site.Cartn_z_esd
_phasing_MIR_der_site.atom_type_symbol
_phasing_MIR_der_site.der_id
_phasing_MIR_der_site.fract_x
_phasing_MIR_der_site.fract_x_esd
_phasing_MIR_der_site.fract_y
_phasing_MIR_der_site.fract_y_esd
_phasing_MIR_der_site.fract_z
_phasing_MIR_der_site.fract_z_esd
_phasing_MIR_der_site.id
_phasing_MIR_shell.d_res_high
_phasing_averaging.entry_id
_phasing_isomorphous.entry_id
_phasing_set.cell_angle_alpha
_phasing_set.cell_angle_beta
_phasing_set.cell_angle_gamma
_phasing_set.cell_length_a
_phasing_set.cell_length_b
_phasing_set.cell_length_c
_phasing_set.id
_phasing_set_refln.F_meas
_phasing_set_refln.F_meas_au
_phasing_set_refln.F_meas_sigma
_phasing_set_refln.F_meas_sigma_au
_phasing_set_refln.index_h
_phasing_set_refln.index_k
_phasing_set_refln.index_l
_phasing_set_refln.set_id
_publ.entry_id
_publ_[]
_publ_author_[]
_publ_author_id_iucr
_publ_body.label
_publ_body_[]
_publ_contact_author
_publ_contact_author_address
_publ_contact_author_email
_publ_contact_author_fax
_publ_contact_author_id_iucr
_publ_contact_author_name
_publ_contact_author_phone
_publ_contact_letter
_publ_manuscript_creation
_publ_manuscript_incl.entry_id
_publ_manuscript_incl_[]
_publ_manuscript_processed
_publ_manuscript_text
_publ_requested_category
_publ_requested_coeditor_name
_publ_requested_journal
_publ_section_abstract
_publ_section_acknowledgements
_publ_section_comment
_publ_section_discussion
_publ_section_experimental
_publ_section_exptl_prep
_publ_section_exptl_refinement
_publ_section_exptl_solution
_publ_section_figure_captions
_publ_section_introduction
_publ_section_references
_publ_section_synopsis
_publ_section_table_legends
_publ_section_title
_publ_section_title_footnote
_publ_vrn_code
_refine.entry_id
_refine.ls_R_factor_R_free_error
_refine_[]
_refine_[ms]
_refine_analyze.entry_id
_refine_diff_density_max
_refine_diff_density_max_nm
_refine_diff_density_max_pm
_refine_diff_density_min
_refine_diff_density_min_nm
_refine_diff_density_min_pm
_refine_diff_density_rms
_refine_diff_density_rms_nm
_refine_diff_density_rms_pm
_refine_ls_R_Fsqd_factor
_refine_ls_R_I_factor
_refine_ls_R_factor_all
_refine_ls_R_factor_gt
_refine_ls_R_factor_obs
_refine_ls_abs_structure_Flack
_refine_ls_abs_structure_Rogers
_refine_ls_abs_structure_details
_refine_ls_class_R_Fsqd_factor
_refine_ls_class_R_I_factor
_refine_ls_class_R_factor_all
_refine_ls_class_R_factor_gt
_refine_ls_class_[]
_refine_ls_class_code
_refine_ls_class_d_res_high
_refine_ls_class_d_res_low
_refine_ls_class_wR_factor_all
_refine_ls_d_res_high
_refine_ls_d_res_low
_refine_ls_extinction_coef
_refine_ls_extinction_expression
_refine_ls_extinction_method
_refine_ls_goodness_of_fit_all
_refine_ls_goodness_of_fit_gt
_refine_ls_goodness_of_fit_obs
_refine_ls_goodness_of_fit_ref
_refine_ls_hydrogen_treatment
_refine_ls_matrix_type
_refine_ls_mod_func_description
_refine_ls_mod_hydrogen_treatment
_refine_ls_mod_overall_phason_coeff
_refine_ls_mod_overall_phason_formula
_refine_ls_number_constraints
_refine_ls_number_parameters
_refine_ls_number_reflns
_refine_ls_number_restraints
_refine_ls_restr.type
_refine_ls_restr_type.type
_refine_ls_restrained_S_all
_refine_ls_restrained_S_gt
_refine_ls_restrained_S_obs
_refine_ls_shell.R_factor_R_free_error
_refine_ls_shell.d_res_high
_refine_ls_shift/esd_max
_refine_ls_shift/esd_mean
_refine_ls_shift/su_max
_refine_ls_shift/su_max_lt
_refine_ls_shift/su_mean
_refine_ls_shift/su_mean_lt
_refine_ls_structure_factor_coef
_refine_ls_wR_factor_all
_refine_ls_wR_factor_gt
_refine_ls_wR_factor_obs
_refine_ls_wR_factor_ref
_refine_ls_weighting_details
_refine_ls_weighting_scheme
_refine_special_details
_refln.F_meas
_refln.F_meas_au
_refln.F_meas_sigma
_refln.F_meas_sigma_au
_refln.crystal_id
_refln.index_h
_refln.index_k
_refln.index_l
_refln.scale_group_code
_refln.wavelength_id
_refln_[]
_refln_[ms]
_refln_class_code
_refln_d_spacing
_refln_include_status
_refln_mean_path_length_tbar
_refln_sys_abs.index_h
_refln_sys_abs.index_k
_refln_sys_abs.index_l
_reflns.d_resolution_high
_reflns.entry_id
_reflns.observed_criterion_F_max
_reflns.observed_criterion_F_min
_reflns.observed_criterion_I_max
_reflns.observed_criterion_I_min
_reflns.observed_criterion_sigma_F
_reflns.observed_criterion_sigma_I
_reflns_Friedel_coverage
_reflns_[]
_reflns_[ms]
_reflns_class_R_Fsqd_factor
_reflns_class_R_I_factor
_reflns_class_R_factor_all
_reflns_class_R_factor_gt
_reflns_class_[]
_reflns_class_code
_reflns_class_d_res_high
_reflns_class_d_res_low
_reflns_class_description
_reflns_class_number_gt
_reflns_class_number_total
_reflns_class_wR_factor_all
_reflns_d_resolution_high
_reflns_d_resolution_high_nm
_reflns_d_resolution_high_pm
_reflns_d_resolution_low
_reflns_d_resolution_low_nm
_reflns_d_resolution_low_pm
_reflns_limit_h_max
_reflns_limit_h_min
_reflns_limit_index_m_1_max
_reflns_limit_index_m_1_min
_reflns_limit_index_m_2_max
_reflns_limit_index_m_2_min
_reflns_limit_index_m_3_max
_reflns_limit_index_m_3_min
_reflns_limit_index_m_4_max
_reflns_limit_index_m_4_min
_reflns_limit_index_m_5_max
_reflns_limit_index_m_5_min
_reflns_limit_index_m_6_max
_reflns_limit_index_m_6_min
_reflns_limit_index_m_7_max
_reflns_limit_index_m_7_min
_reflns_limit_index_m_8_max
_reflns_limit_index_m_8_min
_reflns_limit_k_max
_reflns_limit_k_min
_reflns_limit_l_max
_reflns_limit_l_min
_reflns_number_gt
_reflns_number_observed
_reflns_number_total
_reflns_observed_criterion
_reflns_scale.group_code
_reflns_scale_[]
_reflns_shell.d_res_low
_reflns_shell.meanI_over_sigI_gt
_reflns_shell.meanI_over_sigI_obs
_reflns_shell_Rmerge_F_gt
_reflns_shell_Rmerge_I_gt
_reflns_shell_[]
_reflns_shell_meanI_over_sigI_gt
_reflns_shell_meanI_over_uI_all
_reflns_shell_meanI_over_uI_gt
_reflns_shell_number_measured_gt
_reflns_shell_number_unique_gt
_reflns_shell_percent_possible_gt
_reflns_special_details
_reflns_threshold_expression
_software.citation_id
_software.version
_space_group.IT_number:_space_group.name_Hall
_space_group.id
_space_group.name_H-M_alt
_space_group.name_H-M_full
_space_group_IT_number
_space_group_Wyckoff.sg_id
_space_group_[]
_space_group_[ms]
_space_group_crystal_system
_space_group_id
_space_group_name_H-M_alt
_space_group_name_Hall
_space_group_ssg_IT_number
_space_group_ssg_WJJ_code
_space_group_ssg_name
_space_group_ssg_name_IT
_space_group_ssg_name_WJJ
_space_group_symop.generator_xyz
_space_group_symop.operation_xyz
_space_group_symop.sg_id
_space_group_symop_[]
_space_group_symop_[ms]
_space_group_symop_id
_space_group_symop_operation_xyz
_space_group_symop_sg_id
_struct.entry_id
_struct_asym.entity_id
_struct_asym.id
_struct_biol.id
_struct_biol_gen.asym_id
_struct_biol_gen.biol_id
_struct_biol_gen.symmetry
_struct_biol_keywords.biol_id
_struct_biol_keywords.text
_struct_biol_view.biol_id
_struct_biol_view.id
_struct_conf.beg_auth_asym_id
_struct_conf.beg_auth_comp_id
_struct_conf.beg_auth_seq_id
_struct_conf.beg_label_asym_id
_struct_conf.beg_label_comp_id
_struct_conf.beg_label_seq_id
_struct_conf.conf_type_id
_struct_conf.end_auth_asym_id
_struct_conf.end_auth_comp_id
_struct_conf.end_auth_seq_id
_struct_conf.end_label_asym_id
_struct_conf.end_label_comp_id
_struct_conf.end_label_seq_id
_struct_conf_type.id
_struct_conn.conn_type_id
_struct_conn.ptnr1_auth_asym_id
_struct_conn.ptnr1_auth_atom_id
_struct_conn.ptnr1_auth_comp_id
_struct_conn.ptnr1_auth_seq_id
_struct_conn.ptnr1_label_alt_id
_struct_conn.ptnr1_label_asym_id
_struct_conn.ptnr1_label_atom_id
_struct_conn.ptnr1_label_comp_id
_struct_conn.ptnr1_label_seq_id
_struct_conn.ptnr2_auth_asym_id
_struct_conn.ptnr2_auth_atom_id
_struct_conn.ptnr2_auth_comp_id
_struct_conn.ptnr2_auth_seq_id
_struct_conn.ptnr2_label_alt_id
_struct_conn.ptnr2_label_asym_id
_struct_conn.ptnr2_label_atom_id
_struct_conn.ptnr2_label_comp_id
_struct_conn.ptnr2_label_seq_id
_struct_conn_type.id
_struct_keywords.entry_id
_struct_keywords.text
_struct_mon_details.entry_id
_struct_mon_nucl.auth_asym_id
_struct_mon_nucl.auth_comp_id
_struct_mon_nucl.auth_seq_id
_struct_mon_nucl.label_alt_id
_struct_mon_nucl.label_asym_id
_struct_mon_nucl.label_comp_id
_struct_mon_nucl.label_seq_id
_struct_mon_prot.auth_asym_id
_struct_mon_prot.auth_comp_id
_struct_mon_prot.auth_seq_id
_struct_mon_prot.label_alt_id
_struct_mon_prot.label_asym_id
_struct_mon_prot.label_comp_id
_struct_mon_prot.label_seq_id
_struct_mon_prot_cis.auth_asym_id
_struct_mon_prot_cis.auth_comp_id
_struct_mon_prot_cis.auth_seq_id
_struct_mon_prot_cis.label_alt_id
_struct_mon_prot_cis.label_asym_id
_struct_mon_prot_cis.label_comp_id
_struct_mon_prot_cis.label_seq_id
_struct_ncs_dom.id
_struct_ncs_dom_lim.beg_auth_asym_id
_struct_ncs_dom_lim.beg_auth_comp_id
_struct_ncs_dom_lim.beg_auth_seq_id
_struct_ncs_dom_lim.beg_label_alt_id
_struct_ncs_dom_lim.beg_label_asym_id
_struct_ncs_dom_lim.beg_label_comp_id
_struct_ncs_dom_lim.beg_label_seq_id
_struct_ncs_dom_lim.dom_id
_struct_ncs_dom_lim.end_auth_asym_id
_struct_ncs_dom_lim.end_auth_comp_id
_struct_ncs_dom_lim.end_auth_seq_id
_struct_ncs_dom_lim.end_label_alt_id
_struct_ncs_dom_lim.end_label_asym_id
_struct_ncs_dom_lim.end_label_comp_id
_struct_ncs_dom_lim.end_label_seq_id
_struct_ncs_ens.id
_struct_ncs_ens_gen.dom_id_1
_struct_ncs_ens_gen.dom_id_2
_struct_ncs_ens_gen.ens_id
_struct_ncs_ens_gen.oper_id
_struct_ncs_oper.id
_struct_ref.biol_id
_struct_ref.entity_id
_struct_ref.id
_struct_ref_seq.align_id
_struct_ref_seq.ref_id
_struct_ref_seq.seq_align_beg
_struct_ref_seq.seq_align_end
_struct_ref_seq_dif.align_id
_struct_ref_seq_dif.db_mon_id
_struct_ref_seq_dif.mon_id
_struct_ref_seq_dif.seq_num
_struct_sheet.id
_struct_sheet_hbond.range_1_beg_auth_atom_id
_struct_sheet_hbond.range_1_beg_auth_seq_id
_struct_sheet_hbond.range_1_beg_label_atom_id
_struct_sheet_hbond.range_1_beg_label_seq_id
_struct_sheet_hbond.range_1_end_auth_atom_id
_struct_sheet_hbond.range_1_end_auth_seq_id
_struct_sheet_hbond.range_1_end_label_atom_id
_struct_sheet_hbond.range_1_end_label_seq_id
_struct_sheet_hbond.range_2_beg_auth_atom_id
_struct_sheet_hbond.range_2_beg_auth_seq_id
_struct_sheet_hbond.range_2_beg_label_atom_id
_struct_sheet_hbond.range_2_beg_label_seq_id
_struct_sheet_hbond.range_2_end_auth_atom_id
_struct_sheet_hbond.range_2_end_auth_seq_id
_struct_sheet_hbond.range_2_end_label_atom_id
_struct_sheet_hbond.range_2_end_label_seq_id
_struct_sheet_hbond.range_id_1
_struct_sheet_hbond.range_id_2
_struct_sheet_hbond.sheet_id
_struct_sheet_order.range_id_1
_struct_sheet_order.range_id_2
_struct_sheet_order.sheet_id
_struct_sheet_range.beg_auth_asym_id
_struct_sheet_range.beg_auth_comp_id
_struct_sheet_range.beg_auth_seq_id
_struct_sheet_range.beg_label_asym_id
_struct_sheet_range.beg_label_comp_id
_struct_sheet_range.beg_label_seq_id
_struct_sheet_range.end_auth_asym_id
_struct_sheet_range.end_auth_comp_id
_struct_sheet_range.end_auth_seq_id
_struct_sheet_range.end_label_asym_id
_struct_sheet_range.end_label_comp_id
_struct_sheet_range.end_label_seq_id
_struct_sheet_range.id
_struct_sheet_range.sheet_id
_struct_sheet_topology.range_id_1
_struct_sheet_topology.range_id_2
_struct_sheet_topology.sheet_id
_struct_site.id
_struct_site_gen.auth_asym_id
_struct_site_gen.auth_atom_id
_struct_site_gen.auth_comp_id
_struct_site_gen.auth_seq_id
_struct_site_gen.label_alt_id
_struct_site_gen.label_asym_id
_struct_site_gen.label_atom_id
_struct_site_gen.label_comp_id
_struct_site_gen.label_seq_id
_struct_site_gen.site_id
_struct_site_keywords.site_id
_struct_site_keywords.text
_struct_site_view.site_id
_sub_category.id
_sub_category_examples.case
_sub_category_examples.id
_sub_category_methods.method_id
_sub_category_methods.sub_category_id
_symmetry.entry_id
_symmetry_Int_Tables_number
_symmetry_[]
_symmetry_cell_setting
_symmetry_equiv.id
_symmetry_equiv_[]
_symmetry_equiv_pos_site_id
_symmetry_space_group_name_H-M
_symmetry_space_group_name_Hall
_type
_type_construct
_units
_units_detail
_valence_param.atom_1
_valence_param.atom_1_valence
_valence_param.atom_2
_valence_param.atom_2_valence
_valence_param_B
_valence_param_Ro
_valence_param_[]
_valence_param_atom_1
_valence_param_atom_1_valence
_valence_param_atom_2
_valence_param_atom_2_valence
_valence_param_details
_valence_param_id
_valence_param_ref_id
_valence_ref_[]
_valence_ref_id
_valence_ref_reference
_vrf_VALIDATOR_comments
_vrf_[]
