_atom_local_axes_atom0
_atom_local_axes_atom1
_atom_local_axes_atom2
_atom_local_axes_atom_label
_atom_local_axes_ax1
_atom_local_axes_ax2
_atom_rho_multipole_atom_label
_atom_rho_multipole_coeff_P00
_atom_rho_multipole_coeff_P10
_atom_rho_multipole_coeff_P11
_atom_rho_multipole_coeff_P1-1
_atom_rho_multipole_coeff_P20
_atom_rho_multipole_coeff_P21
_atom_rho_multipole_coeff_P2-1
_atom_rho_multipole_coeff_P22
_atom_rho_multipole_coeff_P2-2
_atom_rho_multipole_coeff_P30
_atom_rho_multipole_coeff_P31
_atom_rho_multipole_coeff_P3-1
_atom_rho_multipole_coeff_P32
_atom_rho_multipole_coeff_P3-2
_atom_rho_multipole_coeff_P33
_atom_rho_multipole_coeff_P3-3
_atom_rho_multipole_coeff_P40
_atom_rho_multipole_coeff_P41
_atom_rho_multipole_coeff_P4-1
_atom_rho_multipole_coeff_P42
_atom_rho_multipole_coeff_P4-2
_atom_rho_multipole_coeff_P43
_atom_rho_multipole_coeff_P4-3
_atom_rho_multipole_coeff_P44
_atom_rho_multipole_coeff_P4-4
_atom_rho_multipole_coeff_Pc
_atom_rho_multipole_coeff_Pv
_atom_rho_multipole_configuration
_atom_rho_multipole_core_source
_atom_rho_multipole_kappa
_atom_rho_multipole_kappa_prime0
_atom_rho_multipole_kappa_prime1
_atom_rho_multipole_kappa_prime2
_atom_rho_multipole_kappa_prime3
_atom_rho_multipole_kappa_prime4
_atom_rho_multipole_radial_function_type
_atom_rho_multipole_radial_slater_n0
_atom_rho_multipole_radial_slater_n1
_atom_rho_multipole_radial_slater_n2
_atom_rho_multipole_radial_slater_n3
_atom_rho_multipole_radial_slater_n4
_atom_rho_multipole_radial_slater_zeta0
_atom_rho_multipole_radial_slater_zeta1
_atom_rho_multipole_radial_slater_zeta2
_atom_rho_multipole_radial_slater_zeta3
_atom_rho_multipole_radial_slater_zeta4
_atom_rho_multipole_scat_core
_atom_rho_multipole_scat_valence
_atom_rho_multipole_valence_source
_atom_site_adp_type
_atom_site_aniso_B_11
_atom_site_aniso_B_11_nm
_atom_site_aniso_B_11_pm
_atom_site_aniso_B_12
_atom_site_aniso_B_12_nm
_atom_site_aniso_B_12_pm
_atom_site_aniso_B_13
_atom_site_aniso_B_13_nm
_atom_site_aniso_B_13_pm
_atom_site_aniso_B_22
_atom_site_aniso_B_22_nm
_atom_site_aniso_B_22_pm
_atom_site_aniso_B_23
_atom_site_aniso_B_23_nm
_atom_site_aniso_B_23_pm
_atom_site_aniso_B_33
_atom_site_aniso_B_33_nm
_atom_site_aniso_B_33_pm
_atom_site_aniso_label
_atom_site_aniso_ratio
_atom_site_aniso_type_symbol
_atom_site_aniso_U_11
_atom_site_aniso_U_11_nm
_atom_site_aniso_U_11_pm
_atom_site_aniso_U_12
_atom_site_aniso_U_12_nm
_atom_site_aniso_U_12_pm
_atom_site_aniso_U_13
_atom_site_aniso_U_13_nm
_atom_site_aniso_U_13_pm
_atom_site_aniso_U_22
_atom_site_aniso_U_22_nm
_atom_site_aniso_U_22_pm
_atom_site_aniso_U_23
_atom_site_aniso_U_23_nm
_atom_site_aniso_U_23_pm
_atom_site_aniso_U_33
_atom_site_aniso_U_33_nm
_atom_site_aniso_U_33_pm
_atom_site_attached_hydrogens
_atom_site_B_equiv_geom_mean
_atom_site_B_iso_or_equiv
_atom_site_B_iso_or_equiv_nm
_atom_site_B_iso_or_equiv_pm
_atom_site_calc_attached_atom
_atom_site_calc_flag
_atom_site_Cartn_x
_atom_site_Cartn_x_nm
_atom_site_Cartn_x_pm
_atom_site_Cartn_y
_atom_site_Cartn_y_nm
_atom_site_Cartn_y_pm
_atom_site_Cartn_z
_atom_site_Cartn_z_nm
_atom_site_Cartn_z_pm
_atom_site_chemical_conn_number
_atom_site_constraints
_atom_site_description
_atom_site_disorder_assembly
_atom_site_disorder_group
_atom_site_displace_Fourier_atom_site_label
_atom_site_displace_Fourier_axis
_atom_site_displace_Fourier_id
_atom_site_displace_Fourier_param_cos
_atom_site_displace_Fourier_param_id
_atom_site_displace_Fourier_param_modulus
_atom_site_displace_Fourier_param_phase
_atom_site_displace_Fourier_param_sin
_atom_site_displace_Fourier_wave_vector_seq_id
_atom_site_displace_modulation_flag
_atom_site_displace_special_func_atom_site_label
_atom_site_displace_special_func_sawtooth_ax
_atom_site_displace_special_func_sawtooth_ay
_atom_site_displace_special_func_sawtooth_az
_atom_site_displace_special_func_sawtooth_c
_atom_site_displace_special_func_sawtooth_w
_atom_site_Fourier_wave_vector_description
_atom_site_Fourier_wave_vector_seq_id
_atom_site_Fourier_wave_vector_x
_atom_site_Fourier_wave_vector_y
_atom_site_Fourier_wave_vector_z
_atom_site_fract_x
_atom_site_fract_y
_atom_site_fract_z
_atom_site_label
_atom_site_label_component_0
_atom_site_label_component_1
_atom_site_label_component_2
_atom_site_label_component_3
_atom_site_label_component_4
_atom_site_label_component_5
_atom_site_label_component_6
_atom_site_occ_Fourier_atom_site_label
_atom_site_occ_Fourier_id
_atom_site_occ_Fourier_param_cos
_atom_site_occ_Fourier_param_id
_atom_site_occ_Fourier_param_modulus
_atom_site_occ_Fourier_param_phase
_atom_site_occ_Fourier_param_sin
_atom_site_occ_Fourier_wave_vector_seq_id
_atom_site_occ_modulation_flag
_atom_site_occ_special_func_atom_site_label
_atom_site_occ_special_func_crenel_c
_atom_site_occ_special_func_crenel_w
_atom_site_occupancy
_atom_site_phason_atom_site_label
_atom_site_phason_coeff
_atom_site_phason_formula
_atom_site_refinement_flags
_atom_site_refinement_flags_adp
_atom_site_refinement_flags_occupancy
_atom_site_refinement_flags_posn
_atom_site_restraints
_atom_site_rot_Fourier_atom_site_label
_atom_site_rot_Fourier_axis
_atom_site_rot_Fourier_id
_atom_site_rot_Fourier_param_cos
_atom_site_rot_Fourier_param_id
_atom_site_rot_Fourier_param_modulus
_atom_site_rot_Fourier_param_phase
_atom_site_rot_Fourier_param_sin
_atom_site_rot_Fourier_wave_vector_seq_id
_atom_site_subsystem_code
_atom_site_symmetry_multiplicity
_atom_site_thermal_displace_type
_atom_site_type_symbol
_atom_site_U_equiv_geom_mean
_atom_site_U_Fourier_atom_site_label
_atom_site_U_Fourier_id
_atom_site_U_Fourier_param_cos
_atom_site_U_Fourier_param_id
_atom_site_U_Fourier_param_modulus
_atom_site_U_Fourier_param_phase
_atom_site_U_Fourier_param_sin
_atom_site_U_Fourier_tens_elem
_atom_site_U_Fourier_wave_vector_seq_id
_atom_site_U_iso_or_equiv
_atom_site_U_iso_or_equiv_nm
_atom_site_U_iso_or_equiv_pm
_atom_site_U_modulation_flag
_atom_site_Wyckoff_symbol
_atom_type_analytical_mass_%
_atom_type_description
_atom_type_number_in_cell
_atom_type_oxidation_number
_atom_type_radius_bond
_atom_type_radius_bond_nm
_atom_type_radius_bond_pm
_atom_type_radius_contact
_atom_type_radius_contact_nm
_atom_type_radius_contact_pm
_atom_type_scat_Cromer_Mann_a1
_atom_type_scat_Cromer_Mann_a2
_atom_type_scat_Cromer_Mann_a3
_atom_type_scat_Cromer_Mann_a4
_atom_type_scat_Cromer_Mann_b1
_atom_type_scat_Cromer_Mann_b2
_atom_type_scat_Cromer_Mann_b3
_atom_type_scat_Cromer_Mann_b4
_atom_type_scat_Cromer_Mann_c
_atom_type_scat_dispersion_imag
_atom_type_scat_dispersion_real
_atom_type_scat_dispersion_source
_atom_type_scat_length_neutron
_atom_type_scat_source
_atom_type_scat_versus_stol_list
_atom_type_symbol
_audit_author_address
_audit_author_name
_audit_link_block_code
_audit_link_block_description
_cell_measurement_refln_index_h
_cell_measurement_refln_index_k
_cell_measurement_refln_index_l
_cell_measurement_refln_theta
_cell_subsystem_code
_cell_subsystem_description
_cell_subsystem_matrex_W_11_2
_cell_subsystem_matrix_W_10_1
_cell_subsystem_matrix_W_10_10
_cell_subsystem_matrix_W_10_11
_cell_subsystem_matrix_W_10_2
_cell_subsystem_matrix_W_10_3
_cell_subsystem_matrix_W_10_4
_cell_subsystem_matrix_W_10_5
_cell_subsystem_matrix_W_10_6
_cell_subsystem_matrix_W_10_7
_cell_subsystem_matrix_W_10_8
_cell_subsystem_matrix_W_10_9
_cell_subsystem_matrix_W_1_1
_cell_subsystem_matrix_W_1_10
_cell_subsystem_matrix_W_1_11
_cell_subsystem_matrix_W_11_1
_cell_subsystem_matrix_W_11_10
_cell_subsystem_matrix_W_11_11
_cell_subsystem_matrix_W_11_2
_cell_subsystem_matrix_W_11_3
_cell_subsystem_matrix_W_11_4
_cell_subsystem_matrix_W_11_5
_cell_subsystem_matrix_W_11_6
_cell_subsystem_matrix_W_11_7
_cell_subsystem_matrix_W_11_8
_cell_subsystem_matrix_W_11_9
_cell_subsystem_matrix_W_1_2
_cell_subsystem_matrix_W_1_3
_cell_subsystem_matrix_W_1_4
_cell_subsystem_matrix_W_1_5
_cell_subsystem_matrix_W_1_6
_cell_subsystem_matrix_W_1_7
_cell_subsystem_matrix_W_1_8
_cell_subsystem_matrix_W_1_9
_cell_subsystem_matrix_W_2_1
_cell_subsystem_matrix_W_2_10
_cell_subsystem_matrix_W_2_11
_cell_subsystem_matrix_W_2_2
_cell_subsystem_matrix_W_2_3
_cell_subsystem_matrix_W_2_4
_cell_subsystem_matrix_W_2_5
_cell_subsystem_matrix_W_2_6
_cell_subsystem_matrix_W_2_7
_cell_subsystem_matrix_W_2_8
_cell_subsystem_matrix_W_2_9
_cell_subsystem_matrix_W_3_1
_cell_subsystem_matrix_W_3_10
_cell_subsystem_matrix_W_3_11
_cell_subsystem_matrix_W_3_2
_cell_subsystem_matrix_W_3_3
_cell_subsystem_matrix_W_3_4
_cell_subsystem_matrix_W_3_5
_cell_subsystem_matrix_W_3_6
_cell_subsystem_matrix_W_3_7
_cell_subsystem_matrix_W_3_8
_cell_subsystem_matrix_W_3_9
_cell_subsystem_matrix_W_4_1
_cell_subsystem_matrix_W_4_10
_cell_subsystem_matrix_W_4_11
_cell_subsystem_matrix_W_4_2
_cell_subsystem_matrix_W_4_3
_cell_subsystem_matrix_W_4_4
_cell_subsystem_matrix_W_4_5
_cell_subsystem_matrix_W_4_6
_cell_subsystem_matrix_W_4_7
_cell_subsystem_matrix_W_4_8
_cell_subsystem_matrix_W_4_9
_cell_subsystem_matrix_W_5_1
_cell_subsystem_matrix_W_5_10
_cell_subsystem_matrix_W_5_11
_cell_subsystem_matrix_W_5_2
_cell_subsystem_matrix_W_5_3
_cell_subsystem_matrix_W_5_4
_cell_subsystem_matrix_W_5_5
_cell_subsystem_matrix_W_5_6
_cell_subsystem_matrix_W_5_7
_cell_subsystem_matrix_W_5_8
_cell_subsystem_matrix_W_5_9
_cell_subsystem_matrix_W_6_1
_cell_subsystem_matrix_W_6_10
_cell_subsystem_matrix_W_6_11
_cell_subsystem_matrix_W_6_2
_cell_subsystem_matrix_W_6_3
_cell_subsystem_matrix_W_6_4
_cell_subsystem_matrix_W_6_5
_cell_subsystem_matrix_W_6_6
_cell_subsystem_matrix_W_6_7
_cell_subsystem_matrix_W_6_8
_cell_subsystem_matrix_W_6_9
_cell_subsystem_matrix_W_7_1
_cell_subsystem_matrix_W_7_10
_cell_subsystem_matrix_W_7_11
_cell_subsystem_matrix_W_7_2
_cell_subsystem_matrix_W_7_3
_cell_subsystem_matrix_W_7_4
_cell_subsystem_matrix_W_7_5
_cell_subsystem_matrix_W_7_6
_cell_subsystem_matrix_W_7_7
_cell_subsystem_matrix_W_7_8
_cell_subsystem_matrix_W_7_9
_cell_subsystem_matrix_W_8_1
_cell_subsystem_matrix_W_8_10
_cell_subsystem_matrix_W_8_11
_cell_subsystem_matrix_W_8_2
_cell_subsystem_matrix_W_8_3
_cell_subsystem_matrix_W_8_4
_cell_subsystem_matrix_W_8_5
_cell_subsystem_matrix_W_8_6
_cell_subsystem_matrix_W_8_7
_cell_subsystem_matrix_W_8_8
_cell_subsystem_matrix_W_8_9
_cell_subsystem_matrix_W_9_1
_cell_subsystem_matrix_W_9_10
_cell_subsystem_matrix_W_9_11
_cell_subsystem_matrix_W_9_2
_cell_subsystem_matrix_W_9_3
_cell_subsystem_matrix_W_9_4
_cell_subsystem_matrix_W_9_5
_cell_subsystem_matrix_W_9_6
_cell_subsystem_matrix_W_9_7
_cell_subsystem_matrix_W_9_8
_cell_subsystem_matrix_W_9_9
_cell_wave_vector_seq_id
_cell_wave_vector_x
_cell_wave_vector_y
_cell_wave_vector_z
_chemical_conn_atom_charge
_chemical_conn_atom_display_x
_chemical_conn_atom_display_y
_chemical_conn_atom_NCA
_chemical_conn_atom_NH
_chemical_conn_atom_number
_chemical_conn_atom_type_symbol
_chemical_conn_bond_atom_1
_chemical_conn_bond_atom_2
_chemical_conn_bond_type
_cifdic_dictionary.date
_cifdic_dictionary.DDL_compliance
_cifdic_dictionary.description
_cifdic_dictionary.name
_cifdic_dictionary.reserved_prefix
_cifdic_dictionary.URL
_cifdic_dictionary.version
_citation_abstract
_citation_abstract_id_CAS
_citation_author_citation_id
_citation_author_name
_citation_author_ordinal
_citation_book_id_ISBN
_citation_book_publisher
_citation_book_publisher_city
_citation_book_title
_citation_coordinate_linkage
_citation_country
_citation_database_id_CSD
_citation_database_id_Medline
_citation_editor_citation_id
_citation_editor_name
_citation_editor_ordinal
_citation_id
_citation_journal_abbrev
_citation_journal_full
_citation_journal_id_ASTM
_citation_journal_id_CSD
_citation_journal_id_ISSN
_citation_journal_issue
_citation_journal_volume
_citation_language
_citation_page_first
_citation_page_last
_citation_special_details
_citation_title
_citation_year
_diffrn_attenuator_code
_diffrn_attenuator_material
_diffrn_attenuator_scale
_diffrn_measured_fraction_theta_full
_diffrn_measured_fraction_theta_max
_diffrn_orient_refln_angle_chi
_diffrn_orient_refln_angle_kappa
_diffrn_orient_refln_angle_omega
_diffrn_orient_refln_angle_phi
_diffrn_orient_refln_angle_psi
_diffrn_orient_refln_angle_theta
_diffrn_orient_refln_index_h
_diffrn_orient_refln_index_k
_diffrn_orient_refln_index_l
_diffrn_radiation_wavelength_id
_diffrn_radiation_wavelength_wt
_diffrn_refln_angle_chi
_diffrn_refln_angle_kappa
_diffrn_refln_angle_omega
_diffrn_refln_angle_phi
_diffrn_refln_angle_psi
_diffrn_refln_angle_theta
_diffrn_refln_attenuator_code
_diffrn_refln_class_code
_diffrn_refln_counts_bg_1
_diffrn_refln_counts_bg_2
_diffrn_refln_counts_net
_diffrn_refln_counts_peak
_diffrn_refln_counts_total
_diffrn_refln_crystal_id
_diffrn_refln_detect_slit_horiz
_diffrn_refln_detect_slit_vert
_diffrn_refln_elapsed_time
_diffrn_refln_elapsed_time_hr
_diffrn_refln_elapsed_time_sec
_diffrn_refln_index_h
_diffrn_refln_index_k
_diffrn_refln_index_l
_diffrn_refln_index_m_1
_diffrn_refln_index_m_2
_diffrn_refln_index_m_3
_diffrn_refln_index_m_4
_diffrn_refln_index_m_5
_diffrn_refln_index_m_6
_diffrn_refln_index_m_7
_diffrn_refln_index_m_8
_diffrn_refln_intensity_net
_diffrn_refln_intensity_sigma
_diffrn_refln_intensity_u
_diffrn_refln_scale_group_code
_diffrn_refln_scan_mode
_diffrn_refln_scan_mode_backgd
_diffrn_refln_scan_rate
_diffrn_refln_scan_time_backgd
_diffrn_refln_scan_width
_diffrn_reflns_class_av_R_eq
_diffrn_reflns_class_av_sgI/I
_diffrn_reflns_class_av_uI/I
_diffrn_reflns_class_code
_diffrn_reflns_class_description
_diffrn_reflns_class_d_res_high
_diffrn_reflns_class_d_res_low
_diffrn_reflns_class_number
_diffrn_refln_sint/lambda
_diffrn_refln_sint/lambda_nm
_diffrn_refln_sint/lambda_pm
_diffrn_refln_standard_code
_diffrn_refln_wavelength
_diffrn_refln_wavelength_id
_diffrn_refln_wavelength_nm
_diffrn_refln_wavelength_pm
_diffrn_scale_group_code
_diffrn_scale_group_I_net
_diffrn_standard_refln_code
_diffrn_standard_refln_index_h
_diffrn_standard_refln_index_k
_diffrn_standard_refln_index_l
_diffrn_standard_refln_index_m_1
_diffrn_standard_refln_index_m_2
_diffrn_standard_refln_index_m_3
_diffrn_standard_refln_index_m_4
_diffrn_standard_refln_index_m_5
_diffrn_standard_refln_index_m_6
_diffrn_standard_refln_index_m_7
_diffrn_standard_refln_index_m_8
_exptl_absorpt_coefficient_mu_cm
_exptl_crystal_face_diffr_chi
_exptl_crystal_face_diffr_kappa
_exptl_crystal_face_diffr_phi
_exptl_crystal_face_diffr_psi
_exptl_crystal_face_index_h
_exptl_crystal_face_index_k
_exptl_crystal_face_index_l
_exptl_crystal_face_index_m_1
_exptl_crystal_face_index_m_2
_exptl_crystal_face_index_m_3
_exptl_crystal_face_index_m_4
_exptl_crystal_face_index_m_5
_exptl_crystal_face_index_m_6
_exptl_crystal_face_index_m_7
_exptl_crystal_face_index_m_8
_exptl_crystal_face_perp_dist
_exptl_crystal_face_perp_dist_cm
_exptl_crystal_id
_exptl_crystal_size_max_cm
_exptl_crystal_size_mid_cm
_exptl_crystal_size_min_cm
_exptl_crystal_size_rad_cm
_geom_angle
_geom_angle_atom_site_label_1
_geom_angle_atom_site_label_2
_geom_angle_atom_site_label_3
_geom_angle_av
_geom_angle_max
_geom_angle_min
_geom_angle_publ_flag
_geom_angle_site_ssg_symmetry_1
_geom_angle_site_ssg_symmetry_2
_geom_angle_site_ssg_symmetry_3
_geom_angle_site_symmetry_1
_geom_angle_site_symmetry_2
_geom_angle_site_symmetry_3
_geom_bond_atom_site_label_1
_geom_bond_atom_site_label_2
_geom_bond_atom_site_label_A
_geom_bond_atom_site_label_D
_geom_bond_atom_site_label_H
_geom_bond_distance
_geom_bond_distance_av
_geom_bond_distance_max
_geom_bond_distance_min
_geom_bond_distance_nm
_geom_bond_distance_pm
_geom_bond_publ_flag
_geom_bond_site_ssg_symmetry_1
_geom_bond_site_ssg_symmetry_2
_geom_bond_site_symmetry_1
_geom_bond_site_symmetry_2
_geom_bond_valence
_geom_contact_atom_site_label_1
_geom_contact_atom_site_label_2
_geom_contact_distance
_geom_contact_distance_av
_geom_contact_distance_max
_geom_contact_distance_min
_geom_contact_distance_nm
_geom_contact_distance_pm
_geom_contact_publ_flag
_geom_contact_site_ssg_symmetry_1
_geom_contact_site_ssg_symmetry_2
_geom_contact_site_symmetry_1
_geom_contact_site_symmetry_2
_geom_hbond_angle_DHA
_geom_hbond_atom_site_label_A
_geom_hbond_atom_site_label_D
_geom_hbond_atom_site_label_H
_geom_hbond_distance_DA
_geom_hbond_distance_DH
_geom_hbond_distance_HA
_geom_hbond_publ_flag
_geom_hbond_site_symmetry_A
_geom_hbond_site_symmetry_D
_geom_hbond_site_symmetry_H
_geom_torsion
_geom_torsion_atom_site_label_1
_geom_torsion_atom_site_label_2
_geom_torsion_atom_site_label_3
_geom_torsion_atom_site_label_4
_geom_torsion_av
_geom_torsion_max
_geom_torsion_min
_geom_torsion_publ_flag
_geom_torsion_site_ssg_symmetry_1
_geom_torsion_site_ssg_symmetry_2
_geom_torsion_site_ssg_symmetry_3
_geom_torsion_site_ssg_symmetry_4
_geom_torsion_site_symmetry_1
_geom_torsion_site_symmetry_2
_geom_torsion_site_symmetry_3
_geom_torsion_site_symmetry_4
_pd_block_diffractogram_id
_pd_calc_intensity_net
_pd_calc_intensity_total
_pd_calib_detector_id
_pd_calib_detector_response
_pd_instr_var_illum_len
_pd_meas_2theta_scan
_pd_meas_counts_background
_pd_meas_counts_container
_pd_meas_counts_monitor
_pd_meas_counts_total
_pd_meas_detector_id
_pd_meas_intensity_background
_pd_meas_intensity_container
_pd_meas_intensity_monitor
_pd_meas_intensity_total
_pd_meas_position
_pd_meas_time_of_flight
_pd_peak_2theta_centroid
_pd_peak_2theta_maximum
_pd_peak_d_spacing
_pd_peak_id
_pd_peak_intensity
_pd_peak_pk_height
_pd_peak_wavelength_id
_pd_peak_width_2theta
_pd_peak_width_d_spacing
_pd_phase_block_id
_pd_phase_id
_pd_phase_mass_%
_pd_proc_2theta_corrected
_pd_proc_d_spacing
_pd_proc_intensity_bkg_calc
_pd_proc_intensity_bkg_fix
_pd_proc_intensity_incident
_pd_proc_intensity_net
_pd_proc_intensity_norm
_pd_proc_intensity_total
_pd_proc_ls_weight
_pd_proc_recip_len_Q
_pd_refln_peak_id
_pd_refln_phase_id
_pd_refln_wavelength_id
_publ_author_id_iucr
_publ_author_name
_publ_body_[]
_publ_body_contents
_publ_body_element
_publ_body_format
_publ_body_label
_publ_body_title
_publ_manuscript_incl_extra_defn
_publ_manuscript_incl_extra_info
_publ_manuscript_incl_extra_item
_refine_ls_class_code
_refine_ls_class_d_res_high
_refine_ls_class_d_res_low
_refine_ls_class_R_factor_all
_refine_ls_class_R_factor_gt
_refine_ls_class_R_Fsqd_factor
_refine_ls_class_R_I_factor
_refine_ls_class_wR_factor_all
_refln_A_calc
_refln_A_meas
_refln_B_calc
_refln_B_meas
_refln_class_code
_refln_crystal_id
_refln_d_spacing
_refln_F_calc
_refln_F_meas
_refln_F_sigma
_refln_F_squared_calc
_refln_F_squared_meas
_refln_F_squared_sigma
_refln_include_status
_refln_index_h
_refln_index_k
_refln_index_l
_refln_index_m_1
_refln_index_m_2
_refln_index_m_3
_refln_index_m_4
_refln_index_m_5
_refln_index_m_6
_refln_index_m_7
_refln_index_m_8
_refln_intensity_calc
_refln_intensity_meas
_refln_intensity_sigma
_refln_mean_path_length_tbar
_refln_mean_path_length_tbar_cm
_refln_observed_status
_refln_phase_calc
_refln_phase_meas
_refln_refinement_status
_refln_scale_group_code
_reflns_class_code
_reflns_class_description
_reflns_class_d_res_high
_reflns_class_d_res_low
_reflns_class_number_gt
_reflns_class_number_total
_reflns_class_R_factor_all
_reflns_class_R_factor_gt
_reflns_class_R_Fsqd_factor
_reflns_class_R_I_factor
_reflns_class_wR_factor_all
_refln_sint/lambda
_refln_sint/lambda_nm
_refln_sint/lambda_pm
_reflns_scale_group_code
_reflns_scale_meas_F
_reflns_scale_meas_F_squared
_reflns_scale_meas_intensity
_reflns_shell_d_res_high
_reflns_shell_d_res_low
_reflns_shell_meanI_over_sigI_all
_reflns_shell_meanI_over_sigI_gt
_reflns_shell_meanI_over_sigI_obs
_reflns_shell_meanI_over_uI_all
_reflns_shell_meanI_over_uI_gt
_reflns_shell_number_measured_all
_reflns_shell_number_measured_gt
_reflns_shell_number_measured_obs
_reflns_shell_number_possible
_reflns_shell_number_unique_all
_reflns_shell_number_unique_gt
_reflns_shell_number_unique_obs
_reflns_shell_percent_possible_all
_reflns_shell_percent_possible_gt
_reflns_shell_percent_possible_obs
_reflns_shell_Rmerge_F_all
_reflns_shell_Rmerge_F_gt
_reflns_shell_Rmerge_F_obs
_reflns_shell_Rmerge_I_all
_reflns_shell_Rmerge_I_gt
_reflns_shell_Rmerge_I_obs
_refln_symmetry_epsilon
_refln_symmetry_multiplicity
_refln_wavelength
_refln_wavelength_id
_refln_wavelength_nm
_refln_wavelength_pm
_related_function
_space_group_id
_space_group_IT_number
_space_group_symop_id
_space_group_symop_ssg_id
_space_group_symop_ssg_operation_algebraic
_symmetry_equiv_pos_site_id
_valence_param_atom_1
_valence_param_atom_1_valence
_valence_param_atom_2
_valence_param_atom_2_valence
_valence_param_B
_valence_param_details
_valence_param_id
_valence_param_ref_id
_valence_param_Ro
_valence_ref_id
_valence_ref_reference
