_atom_sites_solution_hydrogens
_atom_sites_solution_primary
_atom_sites_solution_secondary
_atom_sites_special_details
_audit_contact_author_address
_audit_contact_author_email
_audit_contact_author_fax
_audit_contact_author_name
_audit_contact_author_phone
_audit_creation_date
_audit_creation_method
_audit_update_record
_cell_angle_alpha
_cell_angle_beta
_cell_angle_gamma
_cell_formula_units_Z
_cell_length_a
_cell_length_b
_cell_length_c
_cell_measurement_pressure
_cell_measurement_radiation
_cell_measurement_reflns_used
_cell_measurement_temperature
_cell_measurement_theta_max
_cell_measurement_theta_min
_cell_measurement_wavelength
_cell_modulation_dimension
_cell_special_details
_cell_volume
_chemical_absolute_configuration
_chemical_compound_source
_chemical_formula_analytical
_chemical_formula_iupac
_chemical_formula_moiety
_chemical_formula_structural
_chemical_formula_sum
_chemical_formula_weight
_chemical_formula_weight_meas
_chemical_melting_point
_chemical_melting_point_C
_chemical_name_common
_chemical_name_mineral
_chemical_name_structure_type
_chemical_name_systematic
_computing_cell_refinement
_computing_data_collection
_computing_data_reduction
_computing_molecular_graphics
_computing_publication_material
_computing_structure_refinement
_computing_structure_solution
_database_code_ICSD
_diffrn_ambient_environment
_diffrn_ambient_pressure
_diffrn_ambient_temperature
_diffrn_crystal_treatment
_diffrn_detector
_diffrn_detector_area_resol_mean
_diffrn_detector_details
_diffrn_detector_dtime
_diffrn_detector_type
_diffrn_measurement_details
_diffrn_measurement_device
_diffrn_measurement_device_type
_diffrn_measurement_method
_diffrn_measurement_specimen_support
_diffrn_orient_matrix_type
_diffrn_orient_matrix_UB_11
_diffrn_orient_matrix_UB_12
_diffrn_orient_matrix_UB_13
_diffrn_orient_matrix_UB_21
_diffrn_orient_matrix_UB_22
_diffrn_orient_matrix_UB_23
_diffrn_orient_matrix_UB_31
_diffrn_orient_matrix_UB_32
_diffrn_orient_matrix_UB_33
_diffrn_radiation_collimation
_diffrn_radiation_detector
_diffrn_radiation_monochromator
_diffrn_radiation_polarisn_norm
_diffrn_radiation_polarisn_ratio
_diffrn_radiation_probe
_diffrn_radiation_source
_diffrn_radiation_type
_diffrn_radiation_wavelength
_diffrn_reflns_av_R_equivalents
_diffrn_reflns_av_sigmaI/netI
_diffrn_reflns_av_unetI/netI
_diffrn_reflns_limit_h_max
_diffrn_reflns_limit_h_min
_diffrn_reflns_limit_index_m_1_max
_diffrn_reflns_limit_index_m_1_min
_diffrn_reflns_limit_k_max
_diffrn_reflns_limit_k_min
_diffrn_reflns_limit_l_max
_diffrn_reflns_limit_l_min
_diffrn_reflns_number
_diffrn_reflns_reduction_process
_diffrn_reflns_resolution_max
_diffrn_reflns_theta_full
_diffrn_reflns_theta_max
_diffrn_reflns_theta_min
_diffrn_source
_diffrn_source_current
_diffrn_source_power
_diffrn_source_size
_diffrn_source_target
_diffrn_source_type
_diffrn_source_voltage
_diffrn_special_details
_diffrn_standards_decay_%
_diffrn_standards_interval_count
_diffrn_standards_interval_time
_diffrn_standards_number
_exptl_absorpt_coefficient_mu
_exptl_absorpt_correction_T_max
_exptl_absorpt_correction_T_min
_exptl_absorpt_correction_type
_exptl_absorpt_process_details
_exptl_crystal_colour
_exptl_crystal_density_diffrn
_exptl_crystal_density_meas
_exptl_crystal_density_meas_temp
_exptl_crystal_density_method
_exptl_crystal_description
_exptl_crystal_F_000
_exptl_crystal_preparation
_exptl_crystal_recrystallization_method
_exptl_crystal_size_length
_exptl_crystal_size_max
_exptl_crystal_size_mid
_exptl_crystal_size_min
_exptl_crystal_size_rad
_exptl_crystal_thermal_history
_exptl_special_details
_geom_angle_DHA
_geom_bond_atom_site_label_
_geom_bond_distance_DH
_geom_contact_distance_DA
_geom_contact_distance_HA
_geom_contact_site_symmetry_A
_geom_special_details
_journal_coden_ASTM
_journal_coeditor_code
_journal_coeditor_name
_journal_coeditor_notes
_journal_data_validation_number
_journal_date_accepted
_journal_date_from_coeditor
_journal_date_printers_final
_journal_date_printers_first
_journal_date_proofs_in
_journal_date_proofs_out
_journal_date_recd_electronic
_journal_date_to_coeditor
_journal_issue
_journal_name_full
_journal_page_first
_journal_page_last
_journal_paper_category
_journal_suppl_publ_number
_journal_suppl_publ_pages
_journal_techeditor_code
_journal_techeditor_notes
_journal_volume
_journal_year
_pd_block_id
_pd_calc_method
_pd_calibration_special_details
_pd_char_colour
_pd_char_particle_morphology
_pd_instr_dist_anal/detc
_pd_instr_dist_mono/spec
_pd_instr_dist_spec/anal
_pd_instr_dist_spec/detc
_pd_instr_dist_src/mono
_pd_instr_dist_src/spec
_pd_instr_geometry
_pd_instr_location
_pd_meas_2theta_range_inc
_pd_meas_2theta_range_max
_pd_meas_2theta_range_min
_pd_meas_info_author_address
_pd_meas_info_author_email
_pd_meas_info_author_name
_pd_meas_number_of_points
_pd_meas_scan_method
_pd_meas_special_details
_pd_phase_name
_pd_prep_cool_rate
_pd_prep_pressure
_pd_prep_temperature
_pd_proc_2theta_range_inc
_pd_proc_2theta_range_max
_pd_proc_2theta_range_min
_pd_proc_info_author_name
_pd_proc_info_data_reduction
_pd_proc_info_datetime
_pd_proc_info_excluded_regions
_pd_proc_ls_background_function
_pd_proc_ls_pref_orient_corr
_pd_proc_ls_prof_R_factor
_pd_proc_ls_prof_wR_expected
_pd_proc_ls_prof_wR_factor
_pd_proc_ls_profile_function
_pd_proc_ls_special_details
_pd_proc_number_of_points
_pd_proc_wavelength
_pd_spec_mount_mode
_pd_spec_mounting
_pd_spec_orientation
_pd_spec_shape
_pd_spec_size_axial
_pd_spec_size_equat
_pd_spec_size_thick
_publ_author_address
_publ_author_footnote
_publ_contact_author_address
_publ_contact_author_email
_publ_contact_author_fax
_publ_contact_author_name
_publ_contact_author_phone
_publ_contact_letter
_publ_manuscript_creation
_publ_requested_category
_publ_requested_coeditor_name
_publ_requested_journal
_publ_section_abstract
_publ_section_acknowledgements
_publ_section_comment
_publ_section_discussion
_publ_section_experimental
_publ_section_exptl_prep
_publ_section_exptl_refinement
_publ_section_exptl_solution
_publ_section_figure_captions
_publ_section_introduction
_publ_section_references
_publ_section_synopsis
_publ_section_table_legends
_publ_section_title
_publ_section_title_footnote
_refine_diff_density_max
_refine_diff_density_min
_refine_diff_density_rms
_refine_ls_abs_structure_details
_refine_ls_abs_structure_Flack
_refine_ls_abs_structure_Rogers
_refine_ls_d_res_high
_refine_ls_d_res_low
_refine_ls_extinction_coef
_refine_ls_extinction_expression
_refine_ls_extinction_method
_refine_ls_goodness_of_fit_all
_refine_ls_goodness_of_fit_gt
_refine_ls_goodness_of_fit_obs
_refine_ls_goodness_of_fit_ref
_refine_ls_hydrogen_treatment
_refine_ls_matrix_type
_refine_ls_number_constraints
_refine_ls_number_parameters
_refine_ls_number_reflns
_refine_ls_number_restraints
_refine_ls_R_factor_all
_refine_ls_R_factor_gt
_refine_ls_R_factor_obs
_refine_ls_R_Fsqd_factor
_refine_ls_R_I_factor
_refine_ls_restrained_S_all
_refine_ls_restrained_S_gt
_refine_ls_restrained_S_obs
_refine_ls_shift/esd_max
_refine_ls_shift/esd_mean
_refine_ls_shift/su_max
_refine_ls_shift/su_mean
_refine_ls_structure_factor_coef
_refine_ls_weighting_details
_refine_ls_weighting_scheme
_refine_ls_wR_factor_all
_refine_ls_wR_factor_gt
_refine_ls_wR_factor_obs
_refine_ls_wR_factor_ref
_refine_special_details
_reflns_d_resolution_high
_reflns_d_resolution_low
_reflns_Friedel_coverage
_reflns_limit_h_max
_reflns_limit_h_min
_reflns_limit_k_max
_reflns_limit_k_min
_reflns_limit_l_max
_reflns_limit_l_min
_reflns_number_gt
_reflns_number_observed
_reflns_number_total
_reflns_observed_criterion
_reflns_special_details
_reflns_threshold_expression
_space_group_crystal_system
_space_group_name_H-M_alt
_space_group_name_Hall
_space_group_ssg_name
_space_group_symop_operation_xyz
_symmetry_cell_setting
_symmetry_equiv_pos_as_xyz
_symmetry_Int_Tables_number
_symmetry_space_group_name_H-M
_symmetry_space_group_name_Hall
