      2 _symmetry_space_group_name_H-M
      2 _symmetry_equiv_pos_as_xyz
      2 _publ_section_title
      2 _chemical_formula_sum
      2 _cell_volume
      2 _cell_length_c
      2 _cell_length_b
      2 _cell_length_a
      2 _cell_angle_gamma
      2 _cell_angle_beta
      2 _cell_angle_alpha
      2 _atom_site_type_symbol
      2 _atom_site_refinement_flags
      2 _atom_site_disorder_group
      2 _atom_site_disorder_assembly
      2 _atom_site_calc_flag
      2 _atom_site_B_iso_or_equiv
      1 _symmetry_space_group_name_Hall
      1 _reflns_threshold_expression
      1 _reflns_number_total
      1 _reflns_number_gt
      1 _refine_ls_weighting_scheme
      1 _refine_ls_weighting_details
      1 _refine_ls_wR_factor_ref
      1 _refine_ls_wR_factor_gt
      1 _refine_ls_structure_factor_coef
      1 _refine_ls_shift/su_mean
      1 _refine_ls_shift/su_max
      1 _refine_ls_restrained_S_all
      1 _refine_ls_number_restraints
      1 _refine_ls_number_reflns
      1 _refine_ls_number_parameters
      1 _refine_ls_matrix_type
      1 _refine_ls_hydrogen_treatment
      1 _refine_ls_goodness_of_fit_ref
      1 _refine_ls_extinction_method
      1 _refine_ls_extinction_coef
      1 _refine_ls_R_factor_gt
      1 _refine_ls_R_factor_all
      1 _publ_author_name
      1 _journal_year
      1 _journal_volume
      1 _journal_page_last
      1 _journal_page_first
      1 _journal_name_full
      1 _journal_issue
      1 _geom_bond_distance
      1 _geom_bond_atom_site_label_2
      1 _geom_bond_atom_site_label_1
      1 _exptl_crystal_size_min
      1 _exptl_crystal_size_mid
      1 _exptl_crystal_size_max
      1 _exptl_crystal_description
      1 _exptl_crystal_density_method
      1 _exptl_crystal_density_meas
      1 _exptl_crystal_density_diffrn
      1 _exptl_crystal_colour
      1 _exptl_crystal_F_000
      1 _exptl_absorpt_process_details
      1 _exptl_absorpt_correction_type
      1 _exptl_absorpt_correction_T_min
      1 _exptl_absorpt_correction_T_max
      1 _exptl_absorpt_coefficient_mu
      1 _diffrn_standards_number
      1 _diffrn_standards_interval_time
      1 _diffrn_standards_interval_count
      1 _diffrn_standards_decay_%
      1 _diffrn_reflns_theta_min
      1 _diffrn_reflns_theta_max
      1 _diffrn_reflns_number
      1 _diffrn_reflns_limit_l_min
      1 _diffrn_reflns_limit_l_max
      1 _diffrn_reflns_limit_k_min
      1 _diffrn_reflns_limit_k_max
      1 _diffrn_reflns_limit_h_min
      1 _diffrn_reflns_limit_h_max
      1 _diffrn_reflns_av_sigmaI/netI
      1 _diffrn_reflns_av_R_equivalents
      1 _diffrn_radiation_wavelength
      1 _diffrn_radiation_type
      1 _diffrn_radiation_source
      1 _diffrn_radiation_monochromator
      1 _diffrn_measurement_method
      1 _diffrn_measurement_device_type
      1 _diffrn_detector_area_resol_mean
      1 _diffrn_ambient_temperature
      1 _computing_structure_solution
      1 _computing_structure_refinement
      1 _computing_publication_material
      1 _computing_molecular_graphics
      1 _computing_data_reduction
      1 _computing_data_collection
      1 _computing_cell_refinement
      1 _chemical_name_systematic
      1 _chemical_name_common
      1 _chemical_formula_weight
      1 _chemical_formula_moiety
      1 _cell_measurement_theta_min
      1 _cell_measurement_theta_max
      1 _cell_measurement_temperature
      1 _cell_measurement_reflns_used
      1 _cell_formula_units_Z
      1 _atom_sites_solution_secondary
      1 _atom_sites_solution_primary
      1 _atom_sites_solution_hydrogens
      1 _atom_site_symmetry_multiplicity
      1 _atom_site_occupancy
      1 _atom_site_label
      1 _atom_site_fract_z
      1 _atom_site_fract_y
      1 _atom_site_fract_x
      1 _atom_site_aniso_label
      1 _atom_site_aniso_U_33
      1 _atom_site_aniso_U_23
      1 _atom_site_aniso_U_22
      1 _atom_site_aniso_U_13
      1 _atom_site_aniso_U_12
      1 _atom_site_aniso_U_11
      1 _atom_site_adp_type
      1 _atom_site_Wyckoff_symbol
      1 _atom_site_U_iso_or_equiv
