_(lial2)al6(si6o18)(bo3)3(oh)4,
_[fe2(al,fe)]al6si6o18(bo3)3(oh)4,
__chemical_formula_structural
__chemical_formula_sum
__computing_data_collection
__diffrn_ambient_temperature
__diffrn_measurement_details
__publ_author_name
_atom_sit?_fract_z
_atom_site_b_iso_or_eqiv
_atom_site_calc_flags
_atom_site_disder_group
_atom_site_disordered_assembly
_atom_site_disordered_group
_atom_site_label_atom_site_type_symbol
_atom_site_multiplicity
_atom_site_occupan
_atom_site_refinement_assembly
_atom_site_refinement_disorder_assembly
_atom_site_refinement_disorder_group
_atom_site_symetry_multiplicity
_atom_site_symmetry_multiplicit
_atom_site_terpe_symbol
_atom_site_uani_type
_atom_site_uiso_or_biso
_atom_site_uiso_or_equiv
_atom_site_wickoff_symbol
_atom_site_wykoff_symbol
_atom_sites_location_primary
_atom_sites_solution_hydrogen
_atoms_sites_solution_hydrogens
_atoms_sites_solution_primary
_atoms_sites_solution_secondary
_ccdc_chemical_compound_source_recrystallisation
_ccdc_comments
_ccdc_compound_id
_ccdc_disorder
_ccdc_temp_data_collection
_cell-measurement_radiation
_cell_*
_cell_angle_gamm
_cell_formula_units
_cell_formula_units_z,
_cell_measuremen)_theta_min
_cell_measurement_*
_cell_measurement_2theta_max
_cell_measurement_2theta_min
_chemica7_formula_sum
_chemical
_chemical-formula_structural
_chemical_absolute_configulation
_chemical_formula_
_chemical_formula_moiety'c20
_chemical_formula_moiety'c24
_chemical_formula_moiety'c28
_chemical_formula_moiety'c48
_chemical_formula_moiety'c78
_chemical_formula_name
_chemical_formula_sructural
_chemical_formula_sstructural
_chemical_formula_strctural
_chemical_formula_strtructural
_chemical_formula_structura
_chemical_formula_structure
_chemical_formula_structutral
_chemical_formula_strucural
_chemical_formula_strustural
_chemical_formula_strutural
_chemical_formula_stuctural
_chemical_formula_sum'c28
_chemical_formula_sutructural
_chemical_formula_weight4
_chemical_melting_moiety
_chemical_name
_chemical_name_structural
_chemical_name_systemetic
_chemical_name_sytematic
_chemical_systematc_name
_chemical_systematic_name
_chmeical_formula_structural
_data_2
_data_global
_diffrn_crystal_support
_diffrn_delta_phi
_diffrn_measurement_device-type
_diffrn_measurement_specimen_suppport
_diffrn_measurement_type
_diffrn_msrd_fraction_theta_full
_diffrn_msrd_fraction_theta_max
_diffrn_phi_max
_diffrn_plate_measurement_time
_diffrn_plate_number
_diffrn_standards_decay_corr_max
_diffrn_standards_decay_corr_min
_diffrn_temperature
_eof
_experimental_details
_exptl_absorp_coefficient_mu
_exptl_absorpt_correction_ratio
_exptl_absorpt_correction_t_ave
_exptl_absorpt_factor_mur
_exptl_absorpt_process_descript
_exptl_cr
_exptl_crerstal_density_diffrn
_exptl_cryst_f_000
_exptl_crystal_
_exptl_crystal_density_measured
_exptl_crystal_f000
_exptl_crytal_description
_geom_bond_atom_site_symbol_1
_geom_bond_atom_site_symbol_2
_geom_bond_publ_frag
_geom_bond_publf_lag
_geom_bond_site_label_1
_geom_bond_site_label_2
_geom_bond_site_sermmetrer_2
_geom_contact_atom_site_label_a
_geom_contact_distance_dh
_geom_hbond_publication_flag
_geomtbond_site_symmetry_2
_journal
_journal_name
_journal_section_title
_journal_yrae
_li2mg3fe3+2si8o22(oh)2
_loop
_loop_
_manuscript_title
_maud_proc_ls_minimize_quantity
_number
_oxford_diffrn_wilson_b_factor
_oxford_diffrn_wilson_scale
_oxford_refine_ls_scale
_pd_instr_radiation_probe
_pd_meas_datetime_initialed
_pd_proc_ls_extract_fhkl
_pd_proc_ls_extract_int
_pd_proc_ls_extract_pos
_pd_proc_ls_fhkl_comp
_pd_proc_ls_prof_chi2
_pd_proc_ls_prof_cr_factor
_pd_proc_ls_prof_cwr_expected
_pd_proc_ls_prof_cwr_factor
_pd_proc_ls_prof_echi2
_pd_proc_ls_prof_r_bragg
_pd_proc_ls_prof_r_factor_on_f
_pd_proc_ls_prof_r_factor_on_i
_pd_proc_ls_strain_comp
_pd_proc_ls_texture_comp
_pd_proc_ls_theoretical_weight
_pd_proc_ls_weight_scheme
_pd_proc_title
_phi
_platon_squeeze_details
_platon_squeeze_void_average_x
_platon_squeeze_void_average_y
_platon_squeeze_void_average_z
_platon_squeeze_void_count_electrons
_platon_squeeze_void_nr
_platon_squeeze_void_volume
_pub_author_name
_pub_journal_title
_pub_section_exptl_details
_pub_section_title
_publ
_publ_author_letter
_publ_author_name_journal_volume
_publ_author_names
_publ_authors_name
_publ_block_id
_publ_creation_date
_publ_figure_captions
_publ_journal_name
_publ_journal_title
_publ_requested
_publ_section-title
_publ_section_acknowledgement
_publ_section_acknowledgment
_publ_section_acknwoledgements
_publ_section_additional_information
_publ_section_refinement
_publ_section_source_of_material
_publ_title
_pubm_author_name
_r_factor_obs
_ratio_trasmission_factors
_refine
_refine_lo
_refine_ls_extinction_coef10e3(4)
_refine_ls_extinction_coef86.e5(4)
_refine_ls_hydrogen
_refine_ls_inverse_abs_structure_flack
_refine_ls_r_factor_i
_refine_ls_r_factor_observed
_refine_ls_r_factor_ons
_refine_ls_r_factor_ref
_refine_ls_special_details
_refine_ls_weighting_sheme
_refine_ls_wr_factor_observed
_refine_ls_wr_ref
_refine_special_details.
_reflns_friedl_coverage
_reflns_ls_r_factor_gt
_reflns_ls_r_factor_obs
_reflns_number_obs
_reflns_observed_expression
_riet_z_molecula_number
_solved_by
_symetry_cell_setting
_symmetry_equiv_pos_as_xyz#<--must
_symmetry_int-tables_number
_symmetry_space_group_crystal_system
_symmetry_space_group_hall
_symmetry_space_group_number
_symmtry_int_tables_number
_syymetry_int_tables_number
_vrf_strde_01_2
_vrn_publ_code_frame_time_sec
_vrn_publ_code_meas_time_hour
_vrn_publ_code_squeezed_elec
_vrn_publ_code_void_volume
