  47483 _cell_length_c
  47483 _cell_length_b
  47483 _cell_length_a
  47483 _cell_angle_beta
  47481 _cell_angle_alpha
  47480 _cell_angle_gamma
  47447 _chemical_formula_sum
  47349 _symmetry_space_group_name_h-m
  47131 _atom_site_fract_y
  47131 _atom_site_fract_x
  47130 _atom_site_fract_z
  47121 _atom_site_label
  46706 _cell_volume
  46263 _journal_name_full
  46173 _journal_year
  44613 _symmetry_equiv_pos_as_xyz
  38634 _publ_author_name
  38478 _publ_section_title
  37092 _cell_formula_units_z
  36374 _symmetry_cell_setting
  36193 _atom_site_occupancy
  34913 _journal_volume
  34677 _journal_page_first
  34345 _journal_page_last
  30701 _exptl_crystal_density_diffrn
  30645 _chemical_formula_weight
  29727 _atom_site_type_symbol
  29376 _cell_measurement_temperature
  29209 _atom_site_u_iso_or_equiv
  28899 _atom_site_calc_flag
  25222 _atom_site_aniso_label
  25088 _atom_site_aniso_u_33
  25088 _atom_site_aniso_u_22
  25088 _atom_site_aniso_u_13
  25088 _atom_site_aniso_u_12
  25088 _atom_site_aniso_u_11
  25086 _atom_site_aniso_u_23
  23640 _geom_bond_atom_site_label_1
  23639 _geom_bond_distance
  23639 _geom_bond_atom_site_label_2
  23463 _diffrn_ambient_temperature
  23316 _geom_bond_publ_flag
  22850 _atom_site_refinement_flags
  22819 _geom_bond_site_symmetry_2
  22345 _atom_site_disorder_group
  20445 _atom_site_adp_type
  19489 _atom_site_disorder_assembly
  18787 _chemical_formula_moiety
  15299 _atom_site_symmetry_multiplicity
  10022 _chemical_name
   9411 _symmetry_space_group_name_hall
   8386 _chemical_formula_structural
   8040 _symmetry_int_tables_number
   7869 _chemical_formula_iupac
   7470 _atom_type_symbol
   7089 _exptl_crystal_density_meas
   6346 _chemical_name_systematic
   6094 _refine_ls_wr_factor_obs
   6045 _refine_ls_r_factor_obs
   6037 _atom_site_wyckoff_symbol
   6024 _atom_site_uiso_or_equiv
   5589 _refine_ls_r_factor_all
   5278 _atom_site_attached_hydrogens
   5144 _atom_type_oxidation_number
   5051 _diffrn_radiation_wavelength
   5048 _diffrn_radiation_type
   4995 _exptl_absorpt_coefficient_mu
   4793 _atom_site_thermal_displace_type
   4566 _chemical_name_common
   4477 _journal_coden_astm
   3878 _exptl_crystal_colour
   3766 _exptl_crystal_description
   3696 _refine_ls_number_parameters
   3680 _exptl_crystal_size_min
   3679 _exptl_crystal_size_mid
   3679 _exptl_crystal_size_max
   3675 _refine_ls_weighting_scheme
   3673 _diffrn_reflns_theta_max
   3669 _refine_ls_structure_factor_coef
   3668 _diffrn_reflns_number
   3659 _refine_ls_number_reflns
   3657 _diffrn_reflns_limit_l_min
   3657 _diffrn_reflns_limit_l_max
   3657 _diffrn_reflns_limit_k_min
   3657 _diffrn_reflns_limit_k_max
   3657 _diffrn_reflns_limit_h_min
   3657 _diffrn_reflns_limit_h_max
   3655 _reflns_number_total
   3647 _diffrn_reflns_av_r_equivalents
   3618 _cell_measurement_reflns_used
   3615 _exptl_absorpt_correction_type
   3596 _refine_ls_extinction_method
   3583 _cell_measurement_theta_min
   3580 _cell_measurement_theta_max
   3560 _diffrn_measurement_method
   3543 _geom_bond_site_symmetry_1
   3536 _refine_ls_hydrogen_treatment
   3536 _exptl_crystal_f_000
   3432 _exptl_absorpt_correction_t_max
   3431 _exptl_absorpt_correction_t_min
   3412 _refine_ls_extinction_coef
   3375 _diffrn_standards_decay_%
   3350 _diffrn_standards_number
   3116 _diffrn_standards_interval_count
   3007 _diffrn_standards_interval_time
   2954 _chemical_melting_point
   2613 _exptl_crystal_density_method
   2449 _atom_type_scat_source
   2339 _refine_diff_density_max
   2337 _refine_diff_density_min
   2119 _refine_ls_matrix_type
   2111 _diffrn_reflns_theta_min
   2101 _refine_ls_r_factor_gt
   2049 _diffrn_radiation_monochromator
   1993 _refine_ls_number_restraints
   1973 _diffrn_measurement_device
   1946 _diffrn_radiation_source
   1877 _refine_ls_shift/esd_max
   1876 _diffrn_reflns_av_sigmai/neti
   1843 _reflns_number_observed
   1840 _refine_ls_goodness_of_fit_obs
   1836 _reflns_observed_criterion
   1831 _refine_ls_wr_factor_ref
   1830 _reflns_threshold_expression
   1827 _refine_ls_shift/su_max
   1813 _reflns_number_gt
   1802 _refine_ls_goodness_of_fit_ref
   1801 _refine_ls_restrained_s_all
   1768 _refine_ls_wr_factor_gt
   1694 _diffrn_measurement_device_type
   1678 _refine_ls_weighting_details
   1592 _atom_sites_solution_primary
   1578 _atom_sites_solution_hydrogens
   1572 _atom_sites_solution_secondary
   1554 _exptl_absorpt_process_details
   1526 _refine_ls_shift/su_mean
   1447 _atom_type_scat_dispersion_imag
   1445 _atom_type_scat_dispersion_real
   1432 _diffrn_detector_area_resol_mean
   1347 _symmetry_equiv_pos_site_id
   1327 _atom_site_calc_attached_atom
   1291 _atom_type_description
   1207 _chemical_compound_source
   1191 _exptl_crystal_size_rad
    873 _atom_type_radius_bond
    872 _refine_ls_abs_structure_details
    850 _chemical_formula_analytical
    841 _refine_ls_abs_structure_flack
    832 _refine_ls_wr_factor_all
    822 _refine_ls_goodness_of_fit_all
    756 _chemical_name_mineral
    502 _diffrn_reflns_theta_full
    498 _diffrn_measured_fraction_theta_max
    497 _refine_ls_extinction_expression
    489 _diffrn_measured_fraction_theta_full
    486 _atom_site_b_iso_or_equiv
    479 _atom_site_aniso_type_symbol
    423 _refine_ls_shift/esd_mean
    376 _refine_diff_density_rms
    331 _chemical_absolute_configuration
    280 _diffrn_standard_refln_index_l
    280 _diffrn_standard_refln_index_k
    280 _diffrn_standard_refln_index_h
    266 _refine_ls_restrained_s_obs
    240 _diffrn_reflns_reduction_process
    235 _refine_ls_number_constraints
    214 _atom_site_symetry_multiplicity
    158 _cell_measurement_wavelength
    132 _atom_site_aniso_b_33
    132 _atom_site_aniso_b_23
    132 _atom_site_aniso_b_22
    132 _atom_site_aniso_b_13
    132 _atom_site_aniso_b_12
    132 _atom_site_aniso_b_11
    128 _journal_issue
    120 _space_group_crystal_system
    119 _atom_site_refinement_flags_posn
    116 _atom_site_refinement_flags_adp
    115 _atom_site_uiso_or_biso
    115 _atom_site_refinement_flags_occupancy
    114 _geom_angle_site_symmetry_3
    114 _geom_angle_site_symmetry_1
    114 _geom_angle_publ_flag
    114 _geom_angle_atom_site_label_3
    114 _geom_angle_atom_site_label_2
    114 _geom_angle_atom_site_label_1
    113 _geom_angle
    109 _geom_special_details
     84 _journal
     73 _publ_requested_journal
     64 _reflns_limit_l_min
     64 _reflns_limit_l_max
     64 _reflns_limit_k_min
     64 _reflns_limit_k_max
     64 _reflns_limit_h_min
     64 _reflns_limit_h_max
     60 _diffrn_orient_matrix_ub_33
     60 _diffrn_orient_matrix_ub_32
     60 _diffrn_orient_matrix_ub_31
     60 _diffrn_orient_matrix_ub_23
     60 _diffrn_orient_matrix_ub_22
     60 _diffrn_orient_matrix_ub_21
     60 _diffrn_orient_matrix_ub_13
     60 _diffrn_orient_matrix_ub_12
     60 _diffrn_orient_matrix_ub_11
     58 _pd_proc_ls_prof_r_factor
     53 _pd_proc_ls_prof_wr_factor
     52 _audit_creation_method
     49 _diffrn_radiation_detector
     48 _computing_structure_refinement
     46 _diffrn_radiation_probe
     45 _exptl_special_details
     44 _refine_special_details
     44 _eof
     44 _computing_structure_solution
     43 _computing_publication_material
     43 _computing_molecular_graphics
     43 _computing_data_reduction
     43 _computing_data_collection
     43 _computing_cell_refinement
     43 _cell_special_details
     41 _diffrn_source
     41 _diffrn_detector
     38 _refine_ls_abs_structure_rogers
     37 _space_group_name_hall
     37 _exptl_crystal_preparation
     36 _publ_author_address
     36 _cell_measurement_radiation
     35 _diffrn_detector_type
     35 _atom_type_number_in_cell
     34 _diffrn_reflns_av_uneti/neti
     33 _publ_section_references
     31 _geom_hbond_site_symmetry_a
     31 _geom_hbond_distance_ha
     31 _geom_hbond_distance_dh
     31 _geom_hbond_distance_da
     31 _geom_hbond_atom_site_label_h
     31 _geom_hbond_atom_site_label_d
     31 _geom_hbond_atom_site_label_a
     31 _geom_hbond_angle_dha
     30 _publ_section_abstract
     29 _pd_proc_ls_prof_wr_expected
     28 _diffrn_measurement_details
     28 _atom_site_refinement_disorder_group
     27 _publ_author_footnote
     25 _publ_section_synopsis
     24 _publ_section_exptl_prep
     24 _publ_journal_title
     24 _atom_site_refinement_disorder_assembly
     23 _refine_ls_goodness_of_fit_gt
     23 _pd_phase_name
     22 _reflns_friedel_coverage
     22 _atom_site_calc_flags
     21 _publ_section_exptl_refinement
     21 _publ_section_comment
     21 _pd_meas_2theta_range_min
     21 _pd_meas_2theta_range_max
     21 _geom_contact_site_symmetry_a
     21 _geom_contact_atom_site_label_a
     21 _geom_bond_atom_site_label_h
     21 _geom_bond_atom_site_label_d
     21 _geom_angle_dha
     20 _pd_meas_2theta_range_inc
     20 _geom_contact_distance_ha
     20 _geom_contact_distance_da
     20 _chemical_name_structure_type
     19 _geom_bond_distance_dh
     19 _exptl_crystal_id
     18 _journal_section_title
     18 _diffrn_orient_matrix_type
     18 _chemical-formula_structural
     17 _refine_ls_r_factor_ref
     17 _publ_contact_author_name
     17 _pd_proc_2theta_range_min
     17 _pd_proc_2theta_range_max
     17 _pd_proc_2theta_range_inc
     17 _pd_meas_scan_method
     17 _pd_meas_number_of_points
     16 _pd_proc_ls_profile_function
     16 _geom_torsion_site_symmetry_4
     16 _geom_torsion_site_symmetry_3
     16 _geom_torsion_site_symmetry_2
     16 _geom_torsion_site_symmetry_1
     16 _geom_torsion_atom_site_label_4
     16 _geom_torsion_atom_site_label_3
     16 _geom_torsion_atom_site_label_2
     16 _geom_torsion_atom_site_label_1
     16 _geom_torsion
     16 _audit_creation_date
     15 _reflns_d_resolution_low
     15 _reflns_d_resolution_high
     15 _publ_contact_author_address
     15 _pd_proc_ls_pref_orient_corr
     15 _pd_proc_ls_background_function
     15 _pd_meas_special_details
     15 _geom_torsion_publ_flag
     14 _publ_contact_author_phone
     14 _pd_spec_size_thick
     14 _pd_spec_size_equat
     14 _pd_spec_size_axial
     14 _pd_proc_info_excluded_regions
     14 _pd_proc_info_data_reduction
     14 _pd_instr_location
     14 _pd_char_colour
     14 _pd_calc_method
     14 _journal_data_validation_number
     14 _exptl_crystal_face_perp_dist
     14 _exptl_crystal_face_index_l
     14 _exptl_crystal_face_index_k
     14 _exptl_crystal_face_index_h
     13 _publ_contact_author_fax
     13 _publ_contact_author_email
     13 _pd_spec_shape
     13 _pd_spec_mounting
     13 _pd_spec_mount_mode
     13 _pd_char_particle_morphology
     13 _diffrn_ambient_environment
     12 _pd_spec_orientation
     12 _pd_instr_geometry
     11 _publ_title
     11 _diffrn_source_current
     11 _audit_update_record
     10 _publ
     10 _diffrn_source_voltage
     10 _diffrn_radiation_collimation
      9 _space_group_symop_operation_xyz
      9 _r_factor_obs
      9 _publ_journal_name
      9 _oxford_refine_ls_scale
      9 _oxford_diffrn_wilson_scale
      9 _oxford_diffrn_wilson_b_factor
      9 _journal_paper_category
      9 _exptl_crystal_size_length
      9 _citation_journal_id_astm
      8 _publ_manuscript_creation
      8 _journal_date_recd_electronic
      8 _journal_date_accepted
      8 _diffrn_source_type
      8 _cell_measurement_pressure
      7 _refine_ls_r_i_factor
      7 _publ_section_figure_captions
      7 _pd_proc_ls_prof_r_factor_on_i
      7 _pd_proc_ls_prof_r_factor_on_f
      7 _geom_angle_site_symmetry_2
      7 _atom_type_scat_cromer_mann_c
      7 _atom_type_scat_cromer_mann_b4
      7 _atom_type_scat_cromer_mann_b3
      7 _atom_type_scat_cromer_mann_b2
      7 _atom_type_scat_cromer_mann_b1
      7 _atom_type_scat_cromer_mann_a4
      7 _atom_type_scat_cromer_mann_a3
      7 _atom_type_scat_cromer_mann_a2
      7 _atom_type_scat_cromer_mann_a1
      7 _atom_sites_solution_hydrogen
      6 _publ_author_names
      6 _diffrn_source_power
      6 _diffrn_refln_scan_width
      5 _ratio_trasmission_factors
      5 _publ_section_experimental
      5 _publ_section-title
      5 _pub_author_name
      5 _diffrn_standards_decay_corr_min
      5 _diffrn_standards_decay_corr_max
      5 _diffrn_radiation_polarisn_norm
      5 _chemical_formula_structure
      5 _cell_formula_units
      4 _space_group_symop_ssg_operation_algebraic
      4 _space_group_symop_ssg_id
      4 _space_group_ssg_name
      4 _refine_ls_restrained_s_gt
      4 _refine_ls_r_factor_i
      4 _publ_section_acknowledgements
      4 _publ_contact_letter
      4 _pd_prep_temperature
      4 _pd_phase_id
      4 _pd_block_id
      4 _exptl_crystal_density_meas_temp
      4 _diffrn_special_details
      4 _diffrn_radiation_wavelength_id
      4 _diffrn_detector_dtime
      4 _database_code_icsd
      4 _cell_wave_vector_z
      4 _cell_wave_vector_y
      4 _cell_wave_vector_x
      4 _cell_wave_vector_seq_id
      4 _cell_modulation_dimension
      4 _audit_author_name
      4 _atom_site_wykoff_symbol
      3 _symmetry_space_group_crystal_system
      3 _reflns_observed_expression
      3 _reflns_number_obs
      3 _refine_ls_d_res_high
      3 _pubm_author_name
      3 _publ_requested_category
      3 _pd_proc_wavelength
      3 _pd_proc_ls_special_details
      3 _pd_proc_ls_prof_r_bragg
      3 _pd_proc_ls_prof_cwr_factor
      3 _pd_proc_ls_prof_cr_factor
      3 _pd_phase_block_id
      3 _pd_block_diffractogram_id
      3 _loop
      3 _journal_techeditor_notes
      3 _journal_techeditor_code
      3 _journal_suppl_publ_pages
      3 _journal_suppl_publ_number
      3 _journal_date_to_coeditor
      3 _journal_date_proofs_out
      3 _journal_date_proofs_in
      3 _journal_date_printers_first
      3 _journal_date_printers_final
      3 _journal_date_from_coeditor
      3 _journal_coeditor_notes
      3 _journal_coeditor_name
      3 _journal_coeditor_code
      3 _geom_bond_atom_site_symbol_2
      3 _geom_bond_atom_site_symbol_1
      3 _exptl_absorpt_factor_mur
      3 _diffrn_source_target
      3 _diffrn_detector_details
      3 _diffrn_crystal_treatment
      3 _diffrn_ambient_pressure
      3 _data_global
      3 _chemical_name_structural
      3 _chemical_melting_point_c
      3 _chemical_formula_moiety'c48
      3 _chemica7_formula_sum
      3 _cell_measurement_2theta_min
      3 _cell_measurement_2theta_max
      3 _ccdc_temp_data_collection
      3 _ccdc_chemical_compound_source_recrystallisation
      3 _atom_site_symmetry_multiplicit
      3 __chemical_formula_sum
      2 _vrf_strde_01_2
      2 _symmetry_space_group_number
      2 _symmetry_space_group_hall
      2 _symmetry_int-tables_number
      2 _space_group_name_h-m_alt
      2 _space_group_it_number
      2 _reflns_friedl_coverage
      2 _refine_ls_wr_ref
      2 _refine_ls_r_fsqd_factor
      2 _refine_ls_d_res_low
      2 _refine
      2 _publ_section_table_legends
      2 _publ_section_refinement
      2 _publ_requested_coeditor_name
      2 _publ_requested
      2 _pub_journal_title
      2 _platon_squeeze_details
      2 _pd_proc_title
      2 _pd_proc_ls_prof_echi2
      2 _pd_proc_ls_prof_cwr_expected
      2 _pd_proc_ls_prof_chi2
      2 _pd_proc_info_datetime
      2 _pd_proc_info_author_name
      2 _pd_prep_pressure
      2 _pd_instr_radiation_probe
      2 _pd_calibration_special_details
      2 _loop_
      2 _geom_hbond_publ_flag
      2 _geom_contact_distance
      2 _geom_contact_atom_site_label_2
      2 _geom_contact_atom_site_label_1
      2 _exptl_crystal_
      2 _exptl_absorpt_correction_t_ave
      2 _diffrn_temperature
      2 _diffrn_refln_scan_mode_backgd
      2 _diffrn_refln_elapsed_time
      2 _diffrn_radiation_wavelength_wt
      2 _diffrn_radiation_polarisn_ratio
      2 _diffrn_msrd_fraction_theta_max
      2 _diffrn_msrd_fraction_theta_full
      2 _diffrn_measurement_specimen_support
      2 _chemical_formula_weight_meas
      2 _chemical_formula_sutructural
      2 _chemical_formula_stuctural
      2 _chemical_formula_moiety'c28
      2 _chemical_formula_
      2 _chemical
      2 _cell_formula_units_z,
      2 _audit_contact_author_phone
      2 _audit_contact_author_name
      2 _audit_contact_author_fax
      2 _audit_contact_author_email
      2 _audit_contact_author_address
      2 _atoms_sites_solution_hydrogens
      2 _atom_site_disordered_group
      2 _atom_site_disordered_assembly
      1 _vrn_publ_code_void_volume
      1 _vrn_publ_code_squeezed_elec
      1 _vrn_publ_code_meas_time_hour
      1 _vrn_publ_code_frame_time_sec
      1 _syymetry_int_tables_number
      1 _symmtry_int_tables_number
      1 _symmetry_equiv_pos_as_xyz#<--must
      1 _symetry_cell_setting
      1 _space_group_symop_id
      1 _solved_by
      1 _riet_z_molecula_number
      1 _reflns_special_details
      1 _reflns_scale_meas_f
      1 _reflns_scale_group_code
      1 _reflns_ls_r_factor_obs
      1 _reflns_ls_r_factor_gt
      1 _refine_special_details.
      1 _refine_ls_wr_factor_observed
      1 _refine_ls_weighting_sheme
      1 _refine_ls_special_details
      1 _refine_ls_r_factor_ons
      1 _refine_ls_r_factor_observed
      1 _refine_ls_inverse_abs_structure_flack
      1 _refine_ls_hydrogen
      1 _refine_ls_extinction_coef86.e5(4)
      1 _refine_ls_extinction_coef10e3(4)
      1 _refine_lo
      1 _publ_section_title_footnote
      1 _publ_section_source_of_material
      1 _publ_section_introduction
      1 _publ_section_exptl_solution
      1 _publ_section_discussion
      1 _publ_section_additional_information
      1 _publ_section_acknwoledgements
      1 _publ_section_acknowledgment
      1 _publ_section_acknowledgement
      1 _publ_figure_captions
      1 _publ_creation_date
      1 _publ_block_id
      1 _publ_authors_name
      1 _publ_author_name_journal_volume
      1 _publ_author_letter
      1 _pub_section_title
      1 _pub_section_exptl_details
      1 _platon_squeeze_void_volume
      1 _platon_squeeze_void_nr
      1 _platon_squeeze_void_count_electrons
      1 _platon_squeeze_void_average_z
      1 _platon_squeeze_void_average_y
      1 _platon_squeeze_void_average_x
      1 _phi
      1 _pd_proc_number_of_points
      1 _pd_proc_ls_weight_scheme
      1 _pd_proc_ls_theoretical_weight
      1 _pd_proc_ls_texture_comp
      1 _pd_proc_ls_strain_comp
      1 _pd_proc_ls_fhkl_comp
      1 _pd_proc_ls_extract_pos
      1 _pd_proc_ls_extract_int
      1 _pd_proc_ls_extract_fhkl
      1 _pd_prep_cool_rate
      1 _pd_meas_info_author_name
      1 _pd_meas_info_author_email
      1 _pd_meas_info_author_address
      1 _pd_meas_datetime_initialed
      1 _pd_instr_dist_src/spec
      1 _pd_instr_dist_src/mono
      1 _pd_instr_dist_spec/detc
      1 _pd_instr_dist_spec/anal
      1 _pd_instr_dist_mono/spec
      1 _pd_instr_dist_anal/detc
      1 _number
      1 _maud_proc_ls_minimize_quantity
      1 _manuscript_title
      1 _li2mg3fe3+2si8o22(oh)2
      1 _journal_yrae
      1 _journal_name
      1 _geomtbond_site_symmetry_2
      1 _geom_hbond_publication_flag
      1 _geom_contact_site_symmetry_2
      1 _geom_contact_site_symmetry_1
      1 _geom_contact_publ_flag
      1 _geom_contact_distance_dh
      1 _geom_bond_site_sermmetrer_2
      1 _geom_bond_site_label_2
      1 _geom_bond_site_label_1
      1 _geom_bond_publf_lag
      1 _geom_bond_publ_frag
      1 _geom_bond_distance_min
      1 _geom_bond_distance_max
      1 _geom_bond_distance_av
      1 _geom_bond_atom_site_label_
      1 _geom_angle_min
      1 _geom_angle_max
      1 _geom_angle_av
      1 _exptl_crytal_description
      1 _exptl_crystal_thermal_history
      1 _exptl_crystal_recrystallization_method
      1 _exptl_crystal_f000
      1 _exptl_crystal_density_measured
      1 _exptl_cryst_f_000
      1 _exptl_crerstal_density_diffrn
      1 _exptl_cr
      1 _exptl_absorpt_process_descript
      1 _exptl_absorpt_correction_ratio
      1 _exptl_absorpt_coefficient_mu_cm
      1 _exptl_absorp_coefficient_mu
      1 _experimental_details
      1 _diffrn_source_size
      1 _diffrn_reflns_resolution_max
      1 _diffrn_reflns_limit_index_m_1_min
      1 _diffrn_reflns_limit_index_m_1_max
      1 _diffrn_plate_number
      1 _diffrn_plate_measurement_time
      1 _diffrn_phi_max
      1 _diffrn_measurement_type
      1 _diffrn_measurement_specimen_suppport
      1 _diffrn_measurement_device-type
      1 _diffrn_delta_phi
      1 _diffrn_crystal_support
      1 _diffrn_attenuator_scale
      1 _diffrn_attenuator_code
      1 _data_2
      1 _chmeical_formula_structural
      1 _chemical_systematic_name
      1 _chemical_systematc_name
      1 _chemical_name_sytematic
      1 _chemical_name_systemetic
      1 _chemical_melting_moiety
      1 _chemical_formula_weight4
      1 _chemical_formula_sum'c28
      1 _chemical_formula_strutural
      1 _chemical_formula_strustural
      1 _chemical_formula_strucural
      1 _chemical_formula_structutral
      1 _chemical_formula_structura
      1 _chemical_formula_strtructural
      1 _chemical_formula_strctural
      1 _chemical_formula_sstructural
      1 _chemical_formula_sructural
      1 _chemical_formula_name
      1 _chemical_formula_moiety'c78
      1 _chemical_formula_moiety'c24
      1 _chemical_formula_moiety'c20
      1 _chemical_absolute_configulation
      1 _cell_measurement_*
      1 _cell_measuremen)_theta_min
      1 _cell_angle_gamm
      1 _cell_*
      1 _cell-measurement_radiation
      1 _ccdc_disorder
      1 _ccdc_compound_id
      1 _ccdc_comments
      1 _atoms_sites_solution_secondary
      1 _atoms_sites_solution_primary
      1 _atom_type_scat_length_neutron
      1 _atom_sites_special_details
      1 _atom_sites_location_primary
      1 _atom_site_wickoff_symbol
      1 _atom_site_uani_type
      1 _atom_site_terpe_symbol
      1 _atom_site_refinement_assembly
      1 _atom_site_occupan
      1 _atom_site_occ_special_func_crenel_w
      1 _atom_site_occ_special_func_crenel_c
      1 _atom_site_occ_special_func_atom_site_label
      1 _atom_site_multiplicity
      1 _atom_site_label_atom_site_type_symbol
      1 _atom_site_fourier_wave_vector_z
      1 _atom_site_fourier_wave_vector_y
      1 _atom_site_fourier_wave_vector_x
      1 _atom_site_fourier_wave_vector_seq_id
      1 _atom_site_displace_fourier_wave_vector_seq_id
      1 _atom_site_displace_fourier_param_sin
      1 _atom_site_displace_fourier_param_cos
      1 _atom_site_displace_fourier_axis
      1 _atom_site_displace_fourier_atom_site_label
      1 _atom_site_disder_group
      1 _atom_site_b_iso_or_eqiv
      1 _atom_site_aniso_ratio
      1 _atom_sit?_fract_z
      1 __publ_author_name
      1 __diffrn_measurement_details
      1 __diffrn_ambient_temperature
      1 __computing_data_collection
      1 __chemical_formula_structural
      1 _[fe2(al,fe)]al6si6o18(bo3)3(oh)4,
      1 _(lial2)al6(si6o18)(bo3)3(oh)4,
