-rw-r--r-- 1 saulius users 26698896 Mar  9 13:56 /home/saulius/struct/small-mol/xyz-extraction/done/AMCSD-redeposition/inputs/cifdata.cif
-rw-r--r-- 1 saulius users 1658435 Jan 18 23:49 /home/saulius/struct/small-mol/xyz-extraction/deposit/Acta-Cryst-B/inputs/2007/06/bm5051.cif
-rw-r--r-- 1 saulius users 1373160 Mar 30 11:46 /home/saulius/struct/small-mol/xyz-extraction/deposit/Acta-Cryst-B/outputs/filtered/2007/06/bm5051.cif
-rw-r--r-- 1 saulius users 1169849 Feb 24 08:02 /home/saulius/struct/small-mol/xyz-extraction/done/Acta-Cryst-B-2006-03_06/inputs/06/av5063.cif
-rw-r--r-- 1 saulius users  545726 Feb 12 13:29 /home/saulius/struct/small-mol/xyz-extraction/deposit/Acta-Cryst-B/inputs/2000/03/zh0020.cif
-rw-r--r-- 1 saulius users 457305 Mar 30 12:42 /home/saulius/struct/small-mol/xyz-extraction/deposit/Acta-Cryst-B/outputs/split/2102086.cif
-rw-r--r-- 1 saulius users  456762 Mar 30 11:57 /home/saulius/struct/small-mol/xyz-extraction/deposit/Acta-Cryst-B/outputs/filtered/2000/03/zh0020.cif
-rw-r--r-- 1 saulius users  443823 Dec 28 21:59 /home/saulius/struct/small-mol/xyz-extraction/done/Acta-Cryst-B-2006-01/inputs/ws5025.cif
-rw-r--r-- 1 saulius users 426151 Feb 12  2007 /home/saulius/struct/small-mol/xyz-extraction/done/J-Org-Chem-2006/inputs/15/jo060527fsi20060506_042659.cif
-rw-r--r-- 1 saulius users  394376 Jan 28 18:47 /home/saulius/struct/small-mol/xyz-extraction/deposit/Acta-Cryst-B/inputs/2004/01/ws5002.cif
-rw-r--r-- 1 saulius users  393050 Apr  7  2006 /home/saulius/struct/small-mol/xyz-extraction/done/Acta-Cryst-B-2006-02/inputs/lc5042.cif
-rw-r--r-- 1 saulius users  392870 Jan 27 13:02 /home/saulius/struct/small-mol/xyz-extraction/done/Acta-Cryst-B-2006-01/outputs/filtered/ws5025.cif
-rw-r--r-- 1 saulius users  380578 Jan 18 23:54 /home/saulius/struct/small-mol/xyz-extraction/deposit/Acta-Cryst-B/inputs/2007/06/de5032.cif
-rw-r--r-- 1 saulius users  373073 Jan 28 19:20 /home/saulius/struct/small-mol/xyz-extraction/deposit/Acta-Cryst-B/inputs/2004/03/bs0022.cif
-rw-r--r-- 1 saulius users 372993 Feb 12  2007 /home/saulius/struct/small-mol/xyz-extraction/done/J-Org-Chem-2006/inputs/15/jo060527fsi20060506_042812.cif
-rw-r--r-- 1 saulius users  354827 Jan 27 13:24 /home/saulius/struct/small-mol/xyz-extraction/done/Acta-Cryst-B-2006-02/outputs/filtered/lc5042.cif
-rw-r--r-- 1 saulius users   354528 Jan 24 11:54 /home/saulius/struct/small-mol/xyz-extraction/done/collected/Organometallics-2005-v24-issue2/Cornelissen_2005_p214.cif
-rw-r--r-- 1 saulius users  342315 Mar 30 11:23 /home/saulius/struct/small-mol/xyz-extraction/deposit/Acta-Cryst-B/outputs/filtered/2004/02/bk0142.cif
-rw-r--r-- 1 saulius users  340360 Jan 28 18:55 /home/saulius/struct/small-mol/xyz-extraction/deposit/Acta-Cryst-B/inputs/2004/02/bk0142.cif
-rw-r--r-- 1 saulius users   337616 Dec 27 19:52 /home/saulius/struct/small-mol/xyz-extraction/done/crude-cifs/Organometallics-2004-v23-issue2/Lee_2004_p203/om034112lsi20031031_013549.cif
