Bull. Cl. Sci. Acad. R. Belg.:Academie Royale de Belgique, Classe des Sciences: Bulletin
Acta Chem. Scand.:Acta Chemica Scandinavica
Acta Chem. Scand.:Acta Chemica Scandinavica (1-27,1973-42,1988)
Acta Chem. Scand.:Acta Chemica Scandinavica (43,1989-)
Acta Chem. Scand. Ser. A:Acta Chemica Scandinavica A
Acta Chem. Scand. Ser. A:Acta Chemica Scandinavica, Series A: (28,1974-)
Acta Crystallogr.:Acta Cryst
Acta Crystallogr.:Acta Cryst.
Acta Crystallogr.:Acta Crystallogr.
Acta Crystallogr.:acta Crystallographica
Acta Crystallogr.:Acta Crystallographica
Acta Crystallogr.:Acta Crystallographica (1,1948-23,1967)
Acta Crystallogr. Sect. A:Acta Crystallographica A (24,1968-38,1982)
Acta Crystallogr. Sect. B:Acta Crystallographica B
Acta Crystallogr. Sect. B:Acta Crystallographica B (24,1968-38,1982)
Acta Crystallogr. Sect. B:Acta Crystallographica B (39,1983-)
Acta Crystallogr. Sect. C:Acta Crystallographica C
Acta Crystallogr. Sect. C:Acta Crystallographica C (39,1983-)
Acta Crystallogr. Sect. E:Acta Crystallographica E (61,m304-m306,2005)
Acta Crystallogr. Sect. C:Acta Crystallographica, Sect. C
Acta Crystallogr. Sect. A:Acta Crystallographica, Section A
Acta Crystallogr. Sect. B:Acta Crystallographica Section B
Acta Crystallogr. Sect. B:Acta Crystallographica, Section B
Acta Crystallogr. Sect. C:Acta Crystallographica section C
Acta Crystallogr. Sect. C:Acta Crystallographica Section C
Acta Crystallogr. Sect. C:Acta Crystallographica, Section C
Acta Crystallogr. Sect. E:Acta Crystallographica Section E
Acta Crystallogr. Sect. E:Acta Crystallographica, Section E
Acta Crystallogr.:Acta Crystallography
Acta Crystallogr. Sect. B:Acta Crystallogr., Sect. B
Acta Crystallogr. Sect. B:Acta Crystallogr.,Sect.B(Str.Sci.)
Acta Crystallogr. Sect. B:Acta Crystallogr.,Sect.B:Struct.Crystallogr.Cryst.Chem.
Acta Crystallogr. Sect. C:Acta Crystallogr.,Sect.C:Cryst.Struct.Commun.
Acta Crystallogr. Sect. E:Acta Crystallogr.,Sect.E(Struct.Rep.Online)
Acta Crystallogr. Sect. C:Acta Cryst C
Acta Crystallogr. Sect. E:ACTA CRYST. E
Acta Geologica Hungarica:Acta Geologica Hungarica
Acta Geologica Sinica:Acta Geologica Sinica
Acta Mineralogica Petrographica:Acta Mineralogica Petrographica
Acta Physicochimica (USSR):Acta Physicochimica (USSR)
Adv. Mater. Research:Advanced Materials Research
Adv. Chem. Ser.:Advances in Chemistry Series
Adv. Chem. Ser.:Adv.Chem.Ser.
Am. Chem. Soc. Symp. Ser.:American Chemical Society: Symposium Series
Am. J. Roent.:American Journal of Roentgenology
Am. J. Sci.:American Journal of Science (1939-)
Am. J. Sci. Ser. 4:American Journal of Science, Serie 4(-1920)
Am. J. Sci. Ser. 5:American Journal of Science, Serie 5(1,1921-1938)
Am. Mineral.:American Mineralogist
Anales Quim. Int. Ed.:Anales de Quimica, International Edition
Anal. Sci.:Analytical Sciences
Anal. Sci. Xray Struct. Onl.:Analytical Sciences: X-ray Structure Analysis Online
Angew. Chem.:Angewandte Chemie
Angew. Chem. Germ. Ed.:Angewandte Chemie (German Edition)
Angew. Chem. Int. Ed.:Angew. Chem., Int. Ed.
Angew. Chem. Int. Ed.:Angew.Chem.,Int.Ed.Engl.
Ann. Acad. Sci. Fenn. Ser. A6:Annales Academiae Scientiarum Fennicae Series A6: Physica
Ann. Chem.:Annales de Chimie
Ann. Chem.:Annales de Chimie (Paris) (Vol=Year)
Anz. Ost. Akad. Wiss.:Anzeiger der Osterreichische Akademie der Wissenschaften
Appl. Phys.:Applied Physics
Appl. Phys. A:Applied Physics A
Appl. Phys. B:Applied Physics B
Appl. Phys. Lett.:Applied Physics Letters
Arch. Sci. Geneve:Archives des Sciences, Geneve
Arch. Eis.:Archiv fuer das Eisenhuettenwesen
Arch. Sci. Geneve:Archivs des Sciences, Geneve
Ark. Kemi Mineral. Geol. A:Arkiv foer Kemi, Mineralogi och Geologi, A
Ark. Kemi Mineral. Geol. B:Arkiv foer Kemi, Mineralogi och Geologi, B
Ark. Kemi:Arkiv for Kemi
Ark. Kemi Mineral. Geol.:Arkiv for Kemi, Mineralogi och Geologi,
Ark. Mineral. Geol.:Arkiv for Mineralogi och Geologi
Atti Accad. Naz. Lincei:Atti della Accademia Nazionale dei Lincei
Atti Accad. Naz. Lincei Cl. Sci. Fis. Mat. Nat. Rend.:Atti della Accademia Nazionale dei Lincei, Classe di Scienze Fisiche, Matematiche e Naturali, Rendiconti, Serie 7 (1, 1925-1945)
Aust. J. Chem.:Australian Journal of Chemistry
Aust. J. Min.:Australian Journal of Mineralogy
Aust. Min.:Australian Mineralogist
Axis:Axis
Bioorg. Med. Chem.:Bioorg.Med.Chem.
Bull. Chem. Soc. Jpn.:Bull.Chem.Soc.Jpn.
Bull. Soc. Chim. Fr.:Bulletin de la Societe Chimique de France (Vol=Year)
Bull. Soc. Fr. Mineral.:Bulletin de la Societe Francaise de Mineralogie (-71,1948)
Bull. Soc. Fr. Mineral. Crystallogr.:Bulletin de la Societe Francaise de Mineralogie et de Cristallographie
Bull. Soc. Fr. Mineral. Crystallogr.:Bulletin de la Societe Francaise de Mineralogie et de Cristallographie (72,1949-100,1977)
Bull. Soc. R. Sci Liege:Bulletin de la Societe Royal des Sciences de Liege
Bull. Mineral.:Bulletin de Mineralogie
Bull. Mineral.:Bulletin de Min\'eralogie
Bull. Mineral.:Bulletin de Mineralogie (101,1978-)
Bull. Am. Phys. Soc.:Bulletin of the American Physical Society
Bull. Am. Phys. Soc.:Bulletin of the American Physical Society (-30,1955)
Bull. Chem. Soc. Jpn.:Bulletin of the Chemical Society of Japan
Can. J. Appl. Spectrosc.:Canadian Journal of Appl. Spectrosc.
Can. J. Chem.:Canadian Journal of Chemistry
Can. J. Phys.:Canadian Journal of Physics
Can. Mineral.:Canadian Mineralogist
Yearb. Carnegie Inst. Wash.:Carnegie Institution of Washington: Yearbook
Cem. Concr. Res.:Cement and Concrete Research
Ceram. Int.:Ceramics International
Ceram. Trans.:Ceramic Transactions
:Chem. Commun.
:Chem.Commun.
:Chem.-Eur.J.
:Chem. Eur. J. 2003, 9, 856
:Chemical Communications
:Chemical communications (Cambridge, England)
:Chemical Physics Letters
:Chemica Scripta
:Chemische Berichte
:Chemisch Weekblad
:Chemistry - A European Journal
:Chemistry-A European Journal
:Chemistry Letters
:Chemistry of materials
:Chemistry of Materials
:Chemistry of Materials (1,1989-
:Chem.Lett.
:Chem. Mater.
:Chem.Mater.
:Chem. Mater. 2001, 13, 1305
:Chinese Science Bulletin
:Chin. Phys. Lett
:Clays and Clay Minerals
:Clay Science
:Comptes Rendus Hebdomadaires des Seances de l'Academie des Sciences
:Comptes Rendus Hebdomadaires des Seances de l'Academie des Sciences  (1884 - 1965)
:Comptes Rendus Hebdomadaires des Seances de l'Academie des Sciences (1884 - 1965)
:Comptes Rendus Hebdomadaires des Seances de l'Academie des Sciences, Serie 2 (1984-1993)
:Comptes Rendus Hebdomadaires des Seances de l'Academie des Sciences, Serie B
:Comptes Rendus Hebdomadaires des Seances de l'Academie des Sciences, Serie C, Sciences Chimiques (1966-)
:Comptes Rendus Hebdomadaires des Seances de l'Academie des Sciences, Ser. II (1994-)
:Contributions to Mineralogy and Petrology
:C. R. Acad. Sci. Paris, T. 1, Serie II
:C.R.Seances Acad.Sci.,Ser.II
:Crystallography Open Database, 7 March 2003
:Crystallography Reports
:Crystal Research and Technology
:Crystal Structure Communications
:Crystal Structures
:Cryst.Growth Des.
:Czechoslovak Journal of Physics
:Dalton Trans.
:Dalton Transactions
:DAN SSSR
:Die Naturwissenschaften
:Diss. ETH Zuerich
:Diss. Univ. Berlin
:Doklady Akademii Nauk Azerbaidzhanskoi SSR
:Doklady Akademii Nauk SSSR
:Doklady Chemistry
:Doklady Earth Sciences
:Dopovidi Akademii Nauk Ukrainskoi RSR Seriya B-Geologichni Khimichni Ta Biologichni Nauki
:Estudios Geologicos (Madrid)
:Eur.J.Inorg.Chem.
:Eur.J.Org.Chem.
:Eur.J.Solid State Inorg.Chem.
:European Crystallographic Meeting
:European Journal of Inorganic Chemistry
:European Journal of Mineralogy
:European Journal of Mineralogy (1,1989-)
:European Journal of Solid State and Inorganic Chemistry
:European Journal of Solid State Inorganic Chemistry
:Europhysics Letters
:Experientia
:Experimental Mineralogy, Petrology and Geochemistry Abstract Volume
:Ferroelectrics
:Fiat Review of German Science
:Fizika Metallov i Metallovedenie
:Fizika Tverdogo Tela
:Fizika Tverdogo Tela (Leningrad) (= Solid State Physics)
:Fortschritte der Mineralogie
:Fortschritte der Mineralogie, Beiheft
:Fresenius' Zeitschrift fur Analytische Chemie
:Gazzetta Chimica Italiana
:Geochemistry
:Geochemistry International
:Geochimica et Cosmochimica Acta
:Geological Society of America, Bulletin
:Geologiska Foereningens i Stockholm Foerhandlingar
:Geology of Ore Deposits
:Geophysical Research Letters
:Gronlands Geologiske Undersogelse: Bulletin
:Helvetica Chimica Acta
:Indian Minerals
:Inorg
:Inorganica Chimica Acta
:Inorganic and Nuclear Chemistry Letters
:Inorganic Chemistry
:Inorganic Chemistry Communications
:Inorg. Chem.
:Inorg.Chem.
:International Journal of Coal Geology
:International Journal of Inorganic Materials
:International Journal of Magnetism
:Izvestiya Akademii Nauk SSSR
:Izvestiya Akademii Nauk SSSR Neorganicheskie Materialy
:J. alloys compd.
:J. Am. Chem. Soc.
:J.Am.Chem.Soc.
:Japanese Journal of Applied Physics
:J. Appl. Chem. USSR, engl. trans.
:J. Chem. Soc.
:J.Chem.Soc.,Dalton Trans.
:J.Chem.Soc.,Faraday Trans.
:Jernkontorets Annaler
:J.Fluorine Chem.
:J.Mater.Chem.
:J.Organomet.Chem.
:J.Org.Chem.
:Journal de Chimie Physique et de Physico-Chimie Biologique
:Journal de Physique et du Radium
:Journal de Physique, Lettres
:Journal de Physique (Paris)
:Journal de Physique (Paris), Colloque.
:Journal of Alloys and Compounds
:Journal of Alloys Compd.
:Journal of Alloys Compd. 283 (1999) 122 127
:Journal of Alloys Compounds
:Journal of Applied Crystallography
:Journal of Applied Physics
:Journal of Biological Inorganic Chemistry
:Journal of Chemical Cristallography
:Journal of Chemical Crystallography
:Journal of Chemical Physics
:Journal of Coordination Chemistry
:Journal of Crystallographic and Spectroscopic Research
:Journal of Fluorine Chemistry
:Journal of Inorganic and Nuclear Chemistry
:Journal of Inorganic Biochemistry
:Journal of Low Temperature Physics
:Journal of Magnetism and Magnetic Materials
:Journal of Materials Chemistry
:Journal of Materials Science
:Journal of Materials Science. Letters
:Journal of Metals
:Journal of Mineralogical and Petrological Sciences
:Journal of Molecular Structure
:Journal of Natural Products
:Journal of Nuclear Materials
:Journal of Organic Chemistry
:Journal of Organic Chemistry'
:Journal of Organic Chemsitry
:Journal of Physical Chemistry
:Journal of Physics and Chemistry of Solids
:Journal of Physics C
:Journal of Physics: Condensed Matter
:Journal of Physics: Conference Series
:Journal of Physics C: Solid State Physics
:Journal of Physics D: Applied Physics
:Journal of Physics F: Metal Physics
:Journal of Raman Spectroscopy
:Journal of Research of the National Bureau of Standards - Physics and Chemistry
:Journal of Science of the Hiroshima University, Series A: Mathematics, Physics, Chemistry
:Journal of Scientific Instrumen
:Journal of Scientific Instruments
:Journal of Solid State Chemistry
:Journal of Solid State Chemistry 152 (2000) 428 434
:Journal of Structural Chemistry
:Journal of Superconductivity
:Journal of the American Ceramic Society
:Journal of the American Chemical Society
:Journal of the Chemical Society
:Journal of the Chemical Society A: Inorganic, Physical, Theoretical
:Journal of the Chemical Society, Chemical Communications
:Journal of the Chemical Society, Dalton Transactions
:Journal of the Chemical Society. Dalton Transactions
:Journal of the Chemical Society, Dalton Transactions, Inorganic Chemistry
:Journal of the Chemical Society. Dalton Transactions, Inorganic Chemistry (1972-)
:Journal of the Chemical Society. Faraday Transactions
:Journal of the Electrochemical Society
:Journal of the Faculty of Liberal Arts. Yamaguchi University (Natural Science)
:Journal of the Geological Society of China (Taiwan)
:Journal of the Institute of Metals
:Journal of the Less-Common Metals
:Journal of the Physical Society of Japan
:Journal of the Washington Academy of Sciences
:J.Solid State Chem.
:Jurn. fiz. khimii
:Kexue Tongbao
:Kobutsugaku Zasshi (= Journal of the Mineralogical Society of Japan)
:Kongelige Danske Videnskabernes Selskab, Matematisk-Fysike Meddelelser
:Kongelige Norske Videnskapers Selskab, Forhandlinger
:Koninklijke Nederlandse Akademie van Wetenschappen, Series B: Physical Sciences: Proceedings
:Kristallografiya
:Kristall und Technik
:Kuangwu Xuebao
:Kunglia Svenska Vetenskaps Akademiens Handlingar
:Liebigs Ann.Chem.
:Mater.Chem.Phys.
:Materials Chemistry and Physics
:Materials Letters
:Materials Research Bulletin
:Materials Research Society Symposia Proceedings
:Materials Science Forum
:Materials Science of the Earth's Interior, edited by Sunagawa
:Memoirs of the College of Science, University of Kyoto, Series B
:Metal Based Drugs
:Metallwirtschaft, Metallwissenschaft, Metalltechnik
:Microporous and Mesoporous Materials
:Microporous Materials
:Microporous Mesoporous Mater. 2001, 47, 135
:Microscopy, Microanalysis, Microstructures
:Mineralogical Journal
:Mineralogical Magazine
:Mineralogical Magazine (1969-)
:Mineralogical Magazine and Journal of the Mineralogical Society
:Mineralogical Magazine and Journal of the Mineralogical Society (1876- 1968)
:Mineralogical Society of America Special Paper
:Mineralogical Society of America: Special Papers
:Mineralogiceskij Zhurnal
:Mineralogy and Petrology
:Mitteilungen der Osterreichischen Mineralogischen Gesellschaft
:Modern Physics Letters B
:Molecular Physics
:Monatshefte fuer Chemie und verwandte Teile anderer Wissenschaften (109,1978-)
:Monatshefte fur Chemie
:Nachrichten der Akademie der Wissenschaften, Goettingen, Mathematisch- Physikalisch-Chemische Abteilung
:National Bureau of Standards (U.S.), Circular
:Nature
:Nature (London)
:Nature Physical Science
:Naturwissenschaften
:Neues Jahrbuch fuer Mineralogie. Abhandlungen (Band-Nr) (1950-)
:Neues Jahrbuch fuer Mineralogie, Geologie und Palaeontologie. Beilage (- 1925)
:Neues Jahrbuch fuer Mineralogie, Geologie und Palaeontologie. Beilagen, Abt. A (1925-1942)
:Neues Jahrbuch fuer Mineralogie. Monatshefte
:Neues Jahrbuch fuer Mineralogie. Monatshefte (Band=Jahr) (1950-)
:Neues Jahrbuch fur Mineralogie, Abhandlungen
:Neues Jahrbuch fur Mineralogie, Monatshefte
:New Data on Minerals. Moscow
:New J.Chem.(Nouv.J.Chim.)
:New Journal of Chemistry
:New Journal of Chemistry (Nouv.J.Chim.)
:Norsk Geologisk Tidsskrift
:Nouveau Journal de Chimie
:Nucleos.Nucleot.
:Organic and Biomolecular Chemistry
:Organic & Biomolecular Chemistry
:Organic Letters
:Organometallics
:Periodico di Mineralogia
:Phase Transition
:Phil. Mag.
:Philosophical Magazine
:Philosophical Magazine, Serie 6 (1901-1925)
:Philosophical Magazine, Serie 7(1926-46,1955)
:Phosphorus and Sulfur and the Related Elements
:Physica (Amsterdam) (1,1921-13,1933)
:Physica B
:Physica B (152, 1988-)
:Physica B and C
:Physica C
:Physica C (Amsterdam) (152,1988-)
:Physical Review
:Physical Review (1,1893-132,1963/141,1966-188,1969)
:Physical Review B
:Physical Review B - Condensed Matter
:Physical Review Letters
:Physical Review, Serie 3. B - Condensed Matter
:Physical Review, Serie 3. B - Condensed Matter (18,1978-)
:Physica Status Solidi
:Physica Status Solidi, Sectio A: Applied Research
:Physica (The Hague) (1,1934-17,1951)
:Physics and Chemistry of Minerals
:Physics and Chemistry of Minerals (Germany)
:Physics Letters
:Physikalische Zeitschrift
:Physik der Kondensierten Materie
:Polyhedron
:Polyhedron 20(2001), 899-904
:Powder Diffraction
:Power Diffraction
:Praktika tes Akademias Athenon
:Pramana - Journal of Physics
:private communication
:Private Communication
:Proceedings of the Imperial Academy, Tokyo
:Proceedings of the Japan Academy
:Proceedings of the Koninklijke Nederlandse Academie van Wetenschappen
:Proceedings of the National Academy of Sciences of the United States of America
:Proceedings of the National Academy of Sciences, U.S.A.
:Proceedings of the Physical Society, London
:Proceedings of the Physical Society of London
:Proceedings of the Physico-Mathematical Society of Japan
:Proceedings of the Royal Society of London
:Proceedings of the Royal Society of London, Series A: Mathematical and Physical Sciences
:Proceedings of the Royal Society of London, Series A: Mathematical and  Physical Sciences (76,1906-)
:Proceedings of the Royal Society of London, Series A: Mathematical and Physical Sciences (76,1906-)
:Proceedings of the Second Lunar Science Conference
:Proc. Roy. Soc.
:Radiochemical and Radioanalytical Letters
:Reactivity of Solids
:Rec. trav. chim.
:Recueil des Travaux Chimiques des Pays-Bas et de la Belgique
:Rendiconti della Societa Italiana di Mineralogia e Petrologia
:Reviews in Inorganic Chemistry
:Revue de Chimie Minerale
:Revue Internationale des Hautes Temperatures et des Refractaires
:Russian Journal of Inorganic Chemistry
:Schweizerische Mineralogische und Petrographische Mitteilungen
:Science
:Science in China
:Scientia Sinica
:Scientia Sinica, Series
:Scientific Papers of the Institute of Physical and Chemical Research
:Seminaire de Chimie de l'Etat Solide 1971-72
:Sitzungsberichte der Akademie der Wissenschaften in Wien, Mathematisch- Naturwissenschaftliche Klasse, Abteilung 1: Mineralogie, Biologie, Erdkunde
:Skrifter utgitt av det Norske Videnskaps-Akademi i Oslo 1: Matematisk- Naturvidenskapelig Klasse
:Solid State Chemistry and Crystal Chemistry
:Solid State Communications
:Solid State Ionics
:Solid State Sci. 2002, 4, 135
:Solid State Sciences
:Soviet Journal of Coordination Chemistry
:Soviet Journal of Experimental and Theoretical Physics
:Soviet Physics
:Soviet Physics Crystallography
:Soviet Physics - Crystallography
:Soviet Physics Doklady
:Spectrochimica Acta A, Molecular Spectroscopy
:Struct. Chem.
:Structural Chemistry
:Structural Chemistry of Inorganic Actinide
:Strukturbericht
:Supercondunctivity: Science and Technology
:Svensk Kemisk Tidskrift
:Synlett
:Synthesis
:Tetrahedron Lett.
:The Canadian
:The Canadian Mineralogist
:The London, Edinburgh, and Dublin Philosophical Magazine and Journal of Science
:Thesis, Univ. Amsterdam
:TMPM. Tschermaks Mineralogische und Petrographische Mitteilungen (1979-)
:Trans. Faraday Soc.
:Trav. Inst. Lomonossoff
:Trudy Instituta Kristallografii Akademiya Nauk SSSR
:Tschermaks Mineralogische und Petrographische Mitteilungen
:Tschermaks Mineralogische und Petrographische Mitteilungen (-1978)
:University of Toronto Studies, Geological Series
:unknown
:unpublished
:Unpublished
:'Unpublished'
:U.S. Geological Survey Professional Paper
:Vestnik Moskovskogo Universiteta Geologiya
:Vestnik Moskovskogo Universiteta, Geologiya
:Wis-en Natuurkundig Tijdschrift
:Yamaguchi University, College of Arts Bulletin
:Yogyo Kyokai Shi (= Journal of the Ceramic Assoc. of Japan)
:Z. Anorg. Allg. Chem.
:Z.Anorg.Allg.Chem.
:Zapiski Vserossijskogo Mineralogicheskogo Obshchestva
:Zapiski Vserossijskogo Mineralogicheskogo Obshchetstva
:Zapiski Vsesoyuznogo Mineralogicheskogo Obshchestva
:Zeirschrift fur Kristallographie - NCS
:Zeitschrift fir Kristallographie - NCS
:Zeitschrift fuer Anorganische und Allgemeine Chemie
:Zeitschrift fuer Elektrochemie
:Zeitschrift fuer Kristallographie (149,1979-)
:Zeitschrift fuer Kristallographie, Kristallgeometrie, Kristallphysik, Kristallchemie
:Zeitschrift fuer Kristallographie, Kristallgeometrie, Kristallphysik,  Kristallchemie (-144,1977)
:Zeitschrift fuer Kristallographie, Kristallgeometrie, Kristallphysik, Kristallchemie (-144,1977)
:Zeitschrift fuer Kristallographie, Kristallgeometrie, Kristallphysik, Kristallchemie (145,1977-148,1979)
:Zeitschrift fuer Kristallographie - New Crystal Structures
:Zeitschrift fuer Metallkunde
:Zeitschrift fuer Naturforschung B (2003), 58, 155-158.
:Zeitschrift fuer Naturforschung, Teil B. Anorganische Chemie, Organische Chemie (2,1947-32,1977)
:Zeitschrift fuer Naturforschung, Teil B. Anorganische Chemie, Organische Chemie (33,1978-41,1986)
:Zeitschrift fuer Naturforschung, Teil B. Anorganische Chemie, Organische Chemie (42,1987-)
:Zeitschrift fuer Physik
:Zeitschrift fuer Physikalische Chemie, Abteilung A: Chemische Thermodynamik, Kinetik, Elektrochemie, Eigenschaftslehre
:Zeitschrift fuer Physikalische Chemie, Abteilung B: Chemie der Elementarprozesse, Aufbau der Materie
:Zeitschrift fuer Physikalische Chemie (Frankfurt Am Main)
:Zeitschrift fuer Physikalische Chemie (Leipzig)
:Zeitschrift fuer Physik, B (1984-)
:Zeitschrift fur Angewandte Physik
:Zeitschrift fur Anorganische und Allgemeine Chemie
:Zeitschrift f\"ur Kristallographie
:Zeitschrift fur Kristallographie
:Zeitschrift fur Kristallographie - NCR
:Zeitschrift fur Kristallographie - NCS
:Zeitschrift fur Metallkunde
:Zeitschrift fur Naturforschung
:Zentralblatt fuer Mineralogie, Geologie und Palaeontologie, Abt. A (Teil 1)
:Zentralblatt fuer Mineralogie und Geologie, A
:Zeolites
:Zhurnal Eksperimental'noi i Teoreticheskoi Fiziki
:Zhurnal Strukturnoi Khimii
:Z. Krist.
:Z. Kristallogr.
:Z.Kristallogr.
:Z.Kristallogr.-New Crystal Structures
:Z.Kristallogr.-New Cryst.Struct.
:Z. Naturforsch
:Z.Naturforsch.,Teil B
