  24455 _cell_length_c
  24455 _cell_length_b
  24455 _cell_length_a
  24455 _cell_angle_beta
  24453 _cell_angle_alpha
  24452 _cell_angle_gamma
  24445 _chemical_formula_sum
  24320 _symmetry_space_group_name_h-m
  24283 _cell_formula_units_z
  23923 _cell_volume
  23635 _journal_name_full
  23569 _symmetry_cell_setting
  23560 _journal_year
  23500 _journal_volume
  23180 _journal_page_first
  22935 _journal_page_last
  22778 _atom_site_fract_z
  22778 _atom_site_fract_y
  22778 _atom_site_fract_x
  22775 _atom_site_label
  21341 _publ_section_title
  20490 _symmetry_equiv_pos_as_xyz
  20427 _publ_author_name
  18379 _exptl_crystal_density_diffrn
  18160 _chemical_formula_weight
  17529 _atom_site_occupancy
  16938 _cell_measurement_temperature
  16913 _atom_site_type_symbol
  16388 _atom_site_calc_flag
  15505 _atom_site_u_iso_or_equiv
  13749 _chemical_formula_moiety
  12742 _atom_site_aniso_label
  12735 _geom_bond_atom_site_label_2
  12735 _geom_bond_atom_site_label_1
  12734 _geom_bond_distance
  12605 _atom_site_aniso_u_33
  12605 _atom_site_aniso_u_22
  12605 _atom_site_aniso_u_13
  12605 _atom_site_aniso_u_12
  12605 _atom_site_aniso_u_11
  12603 _atom_site_aniso_u_23
  12521 _geom_bond_publ_flag
  12024 _geom_bond_site_symmetry_2
  11893 _diffrn_ambient_temperature
  10681 _atom_site_refinement_flags
  10254 _atom_site_disorder_group
   8838 _atom_site_adp_type
   8314 _atom_site_disorder_assembly
   7838 _chemical_formula_iupac
   7649 _symmetry_space_group_name_hall
   7198 _chemical_formula_structural
   6080 _atom_type_symbol
   5989 _chemical_name_systematic
   5917 _symmetry_int_tables_number
   5592 _exptl_crystal_density_meas
   5204 _atom_site_symmetry_multiplicity
   5076 _atom_site_wyckoff_symbol
   5057 _atom_type_oxidation_number
   5055 _atom_site_attached_hydrogens
   4992 _refine_ls_wr_factor_obs
   4937 _refine_ls_r_factor_obs
   4477 _journal_coden_astm
   4331 _refine_ls_r_factor_all
   3617 _diffrn_radiation_wavelength
   3613 _diffrn_radiation_type
   3551 _exptl_absorpt_coefficient_mu
   3257 _atom_site_thermal_displace_type
   2836 _chemical_name_common
   2508 _exptl_crystal_colour
   2432 _exptl_crystal_description
   2337 _cell_measurement_reflns_used
   2333 _cell_measurement_theta_min
   2333 _cell_measurement_theta_max
   2326 _exptl_crystal_size_min
   2325 _exptl_crystal_size_mid
   2325 _exptl_crystal_size_max
   2274 _chemical_melting_point
   2273 _refine_ls_number_parameters
   2264 _refine_ls_weighting_scheme
   2257 _refine_ls_number_reflns
   2256 _refine_ls_structure_factor_coef
   2255 _exptl_absorpt_correction_type
   2254 _diffrn_reflns_theta_max
   2250 _diffrn_reflns_number
   2245 _diffrn_reflns_limit_l_min
   2245 _diffrn_reflns_limit_l_max
   2245 _diffrn_reflns_limit_k_min
   2245 _diffrn_reflns_limit_k_max
   2245 _diffrn_reflns_limit_h_min
   2245 _diffrn_reflns_limit_h_max
   2239 _diffrn_measurement_method
   2235 _reflns_number_total
   2231 _diffrn_reflns_av_r_equivalents
   2217 _refine_ls_extinction_method
   2191 _diffrn_standards_decay_%
   2190 _diffrn_standards_number
   2174 _exptl_crystal_f_000
   2166 _refine_ls_hydrogen_treatment
   2152 _exptl_absorpt_correction_t_min
   2152 _exptl_absorpt_correction_t_max
   2147 _geom_bond_site_symmetry_1
   2093 _refine_ls_extinction_coef
   2015 _diffrn_standards_interval_time
   2012 _refine_diff_density_max
   2011 _refine_diff_density_min
   2007 _diffrn_standards_interval_count
   1777 _refine_ls_shift/esd_max
   1761 _diffrn_measurement_device
   1743 _refine_ls_goodness_of_fit_obs
   1739 _reflns_number_observed
   1733 _reflns_observed_criterion
   1398 _atom_type_scat_source
   1260 _exptl_crystal_density_method
   1195 _chemical_compound_source
   1114 _exptl_crystal_size_rad
    882 _atom_site_calc_attached_atom
    856 _symmetry_equiv_pos_site_id
    807 _refine_ls_matrix_type
    796 _diffrn_radiation_monochromator
    779 _diffrn_reflns_theta_min
    773 _diffrn_radiation_source
    770 _chemical_formula_analytical
    757 _refine_ls_number_restraints
    754 _refine_ls_r_factor_gt
    707 _diffrn_reflns_av_sigmai/neti
    705 _refine_ls_wr_factor_all
    697 _refine_ls_goodness_of_fit_all
    685 _chemical_name_mineral
    621 _atom_type_radius_bond
    617 _refine_ls_restrained_s_all
    615 _refine_ls_wr_factor_gt
    514 _reflns_threshold_expression
    510 _diffrn_measurement_device_type
    509 _refine_ls_wr_factor_ref
    505 _refine_ls_shift/su_max
    501 _refine_ls_goodness_of_fit_ref
    498 _reflns_number_gt
    497 _refine_ls_abs_structure_details
    483 _exptl_absorpt_process_details
    471 _refine_ls_abs_structure_flack
    451 _refine_ls_weighting_details
    424 _refine_ls_shift/su_mean
    420 _diffrn_detector_area_resol_mean
    401 _atom_type_scat_dispersion_imag
    399 _atom_type_scat_dispersion_real
    385 _atom_sites_solution_primary
    381 _atom_sites_solution_secondary
    381 _atom_sites_solution_hydrogens
    355 _atom_site_aniso_type_symbol
    323 _atom_type_description
    322 _refine_ls_shift/esd_mean
    320 _atom_site_b_iso_or_equiv
    218 _diffrn_reflns_theta_full
    216 _diffrn_measured_fraction_theta_max
    213 _diffrn_measured_fraction_theta_full
    207 _refine_ls_number_constraints
    207 _diffrn_reflns_reduction_process
    195 _diffrn_standard_refln_index_l
    195 _diffrn_standard_refln_index_k
    195 _diffrn_standard_refln_index_h
    175 _refine_ls_restrained_s_obs
    132 _atom_site_aniso_b_33
    132 _atom_site_aniso_b_23
    132 _atom_site_aniso_b_22
    132 _atom_site_aniso_b_13
    132 _atom_site_aniso_b_12
    132 _atom_site_aniso_b_11
    128 _journal_issue
    118 _space_group_crystal_system
    117 _refine_diff_density_rms
     94 _refine_ls_extinction_expression
     85 _geom_special_details
     68 _publ_requested_journal
     51 _audit_creation_method
     46 _computing_structure_refinement
     43 _exptl_special_details
     42 _refine_special_details
     41 _computing_structure_solution
     41 _computing_publication_material
     41 _computing_molecular_graphics
     41 _computing_data_reduction
     41 _computing_data_collection
     41 _computing_cell_refinement
     35 _cell_measurement_wavelength
     35 _cell_measurement_radiation
     33 _refine_ls_abs_structure_rogers
     25 _publ_section_synopsis
     21 _exptl_crystal_preparation
     19 _reflns_limit_l_min
     19 _reflns_limit_l_max
     19 _reflns_limit_k_min
     19 _reflns_limit_k_max
     19 _reflns_limit_h_min
     19 _reflns_limit_h_max
     18 _publ_author_footnote
     17 _publ_contact_author_name
     16 _publ_section_abstract
     16 _audit_creation_date
     15 _publ_contact_author_address
     14 _publ_contact_author_phone
     14 _journal_data_validation_number
     14 _cell_special_details
     13 _publ_section_comment
     13 _publ_contact_author_fax
     13 _publ_contact_author_email
     12 _space_group_name_hall
     11 _publ_section_exptl_refinement
     11 _diffrn_radiation_probe
     11 _chemical_name
     11 _audit_update_record
     10 _publ_section_exptl_prep
      9 _journal_paper_category
      9 _diffrn_source
      9 _citation_journal_id_astm
      8 _pd_phase_name
      8 _journal_date_recd_electronic
      8 _journal_date_accepted
      8 _diffrn_radiation_collimation
      8 _cell_measurement_pressure
      7 _refine_ls_goodness_of_fit_gt
      7 _publ_section_references
      7 _pd_proc_ls_prof_wr_factor
      7 _pd_proc_ls_prof_r_factor
      7 _chemical_name_structure_type
      7 _chemical_absolute_configuration
      6 _diffrn_detector
      5 _publ_author_address
      5 _pd_meas_2theta_range_min
      5 _pd_meas_2theta_range_max
      5 _pd_meas_2theta_range_inc
      5 _diffrn_source_voltage
      5 _diffrn_source_power
      5 _diffrn_source_current
      5 _atom_type_scat_cromer_mann_c
      5 _atom_type_scat_cromer_mann_b4
      5 _atom_type_scat_cromer_mann_b3
      5 _atom_type_scat_cromer_mann_b2
      5 _atom_type_scat_cromer_mann_b1
      5 _atom_type_scat_cromer_mann_a4
      5 _atom_type_scat_cromer_mann_a3
      5 _atom_type_scat_cromer_mann_a2
      5 _atom_type_scat_cromer_mann_a1
      5 _atom_type_number_in_cell
      4 _reflns_friedel_coverage
      4 _refine_ls_r_i_factor
      4 _publ_section_figure_captions
      4 _publ_section_acknowledgements
      4 _publ_contact_letter
      4 _pd_proc_ls_prof_wr_expected
      4 _pd_block_id
      4 _diffrn_special_details
      4 _diffrn_radiation_polarisn_norm
      4 _diffrn_orient_matrix_ub_33
      4 _diffrn_orient_matrix_ub_32
      4 _diffrn_orient_matrix_ub_31
      4 _diffrn_orient_matrix_ub_23
      4 _diffrn_orient_matrix_ub_22
      4 _diffrn_orient_matrix_ub_21
      4 _diffrn_orient_matrix_ub_13
      4 _diffrn_orient_matrix_ub_12
      4 _diffrn_orient_matrix_ub_11
      4 _diffrn_detector_type
      4 _database_code_icsd
      4 _audit_author_name
      3 _reflns_d_resolution_low
      3 _reflns_d_resolution_high
      3 _refine_ls_restrained_s_gt
      3 _publ_requested_category
      3 _pd_proc_2theta_range_min
      3 _pd_proc_2theta_range_max
      3 _pd_proc_2theta_range_inc
      3 _pd_meas_number_of_points
      3 _pd_calc_method
      3 _journal_techeditor_notes
      3 _journal_techeditor_code
      3 _journal_suppl_publ_pages
      3 _journal_suppl_publ_number
      3 _journal_date_to_coeditor
      3 _journal_date_proofs_out
      3 _journal_date_proofs_in
      3 _journal_date_printers_first
      3 _journal_date_printers_final
      3 _journal_date_from_coeditor
      3 _journal_coeditor_notes
      3 _journal_coeditor_name
      3 _journal_coeditor_code
      3 _exptl_crystal_density_meas_temp
      3 _diffrn_source_type
      3 _diffrn_radiation_detector
      3 _diffrn_orient_matrix_type
      3 _diffrn_measurement_details
      3 _cell_formula_units
      2 _refine_ls_d_res_low
      2 _refine_ls_d_res_high
      2 _publ_section_table_legends
      2 _publ_requested_coeditor_name
      2 _pd_proc_info_datetime
      2 _pd_proc_info_author_name
      2 _pd_phase_id
      2 _pd_phase_block_id
      2 _pd_instr_radiation_probe
      2 _journal
      2 _diffrn_reflns_av_uneti/neti
      2 _diffrn_radiation_polarisn_ratio
      2 _diffrn_ambient_pressure
      2 _chemical_formula_
      2 _audit_contact_author_phone
      2 _audit_contact_author_name
      2 _audit_contact_author_fax
      2 _audit_contact_author_email
      2 _audit_contact_author_address
      1 _space_group_ssg_name
      1 _publ_section_title_footnote
      1 _publ_section_introduction
      1 _publ_section_exptl_solution
      1 _publ_section_experimental
      1 _publ_section_discussion
      1 _pd_proc_wavelength
      1 _pd_proc_ls_special_details
      1 _pd_proc_ls_profile_function
      1 _pd_proc_ls_pref_orient_corr
      1 _pd_proc_ls_background_function
      1 _pd_meas_special_details
      1 _pd_meas_scan_method
      1 _pd_meas_info_author_name
      1 _pd_meas_info_author_email
      1 _pd_meas_info_author_address
      1 _journal_name
      1 _geom_contact_site_symmetry_a
      1 _geom_contact_distance_ha
      1 _geom_contact_distance_da
      1 _geom_bond_distance_dh
      1 _geom_bond_atom_site_label_h
      1 _geom_bond_atom_site_label_d
      1 _geom_angle_publ_flag
      1 _geom_angle_dha
      1 _exptl_crystal_face_perp_dist
      1 _exptl_crystal_face_index_l
      1 _exptl_crystal_face_index_k
      1 _exptl_crystal_face_index_h
      1 _diffrn_source_target
      1 _diffrn_reflns_limit_index_m_1_min
      1 _diffrn_reflns_limit_index_m_1_max
      1 _diffrn_detector_details
      1 _diffrn_ambient_environment
      1 _cell_modulation_dimension
      1 _cell_angle_gamm
      1 _atom_site_refinement_flags_posn
      1 _atom_site_refinement_flags_occupancy
      1 _atom_site_refinement_flags_adp
