__chemical_formula_sum
__computing_data_collection
_atom_site_adp_type
_atom_site_aniso_b_11
_atom_site_aniso_b_12
_atom_site_aniso_b_13
_atom_site_aniso_b_22
_atom_site_aniso_b_23
_atom_site_aniso_b_33
_atom_site_aniso_label
_atom_site_aniso_type_symbol
_atom_site_aniso_u_11
_atom_site_aniso_u_12
_atom_site_aniso_u_13
_atom_site_aniso_u_22
_atom_site_aniso_u_23
_atom_site_aniso_u_33
_atom_site_attached_hydrogens
_atom_site_b_iso_or_equiv
_atom_site_calc_attached_atom
_atom_site_calc_flag
_atom_site_disorder_assembly
_atom_site_disorder_group
_atom_site_fract_x
_atom_site_fract_y
_atom_site_fract_z
_atom_site_label
_atom_site_occupancy
_atom_site_refinement_flags
_atom_site_refinement_flags_adp
_atom_site_refinement_flags_occupancy
_atom_site_refinement_flags_posn
_atom_site_symetry_multiplicity
_atom_site_symmetry_multiplicity
_atom_site_thermal_displace_type
_atom_site_type_symbol
_atom_site_u_iso_or_equiv
_atom_site_uiso_or_biso
_atom_site_uiso_or_equiv
_atom_site_wyckoff_symbol
_atom_sites_solution_hydrogens
_atom_sites_solution_primary
_atom_sites_solution_secondary
_atom_type_description
_atom_type_number_in_cell
_atom_type_oxidation_number
_atom_type_radius_bond
_atom_type_scat_cromer_mann_a1
_atom_type_scat_cromer_mann_a2
_atom_type_scat_cromer_mann_a3
_atom_type_scat_cromer_mann_a4
_atom_type_scat_cromer_mann_b1
_atom_type_scat_cromer_mann_b2
_atom_type_scat_cromer_mann_b3
_atom_type_scat_cromer_mann_b4
_atom_type_scat_cromer_mann_c
_atom_type_scat_dispersion_imag
_atom_type_scat_dispersion_real
_atom_type_scat_source
_atom_type_symbol
_audit_author_name
_audit_contact_author_address
_audit_contact_author_email
_audit_contact_author_fax
_audit_contact_author_name
_audit_contact_author_phone
_audit_creation_date
_audit_creation_method
_audit_update_record
_cell_angle_alpha
_cell_angle_beta
_cell_angle_gamm
_cell_angle_gamma
_cell_formula_units
_cell_formula_units_z
_cell_length_a
_cell_length_b
_cell_length_c
_cell_measurement_pressure
_cell_measurement_radiation
_cell_measurement_reflns_used
_cell_measurement_temperature
_cell_measurement_theta_max
_cell_measurement_theta_min
_cell_measurement_wavelength
_cell_modulation_dimension
_cell_special_details
_cell_volume
_chemical_absolute_configuration
_chemical_compound_source
_chemical_formula_
_chemical_formula_analytical
_chemical_formula_iupac
_chemical_formula_moiety
_chemical_formula_name
_chemical_formula_structural
_chemical_formula_sum
_chemical_formula_weight
_chemical_melting_point
_chemical_name
_chemical_name_common
_chemical_name_mineral
_chemical_name_structure_type
_chemical_name_systematic
_citation_journal_id_astm
_computing_cell_refinement
_computing_data_collection
_computing_data_reduction
_computing_molecular_graphics
_computing_publication_material
_computing_structure_refinement
_computing_structure_solution
_data_2
_data_global
_database_code_icsd
_diffrn_ambient_environment
_diffrn_ambient_pressure
_diffrn_ambient_temperature
_diffrn_detector
_diffrn_detector_area_resol_mean
_diffrn_detector_details
_diffrn_detector_type
_diffrn_measured_fraction_theta_full
_diffrn_measured_fraction_theta_max
_diffrn_measurement_details
_diffrn_measurement_device
_diffrn_measurement_device-type
_diffrn_measurement_device_type
_diffrn_measurement_method
_diffrn_orient_matrix_type
_diffrn_orient_matrix_ub_11
_diffrn_orient_matrix_ub_12
_diffrn_orient_matrix_ub_13
_diffrn_orient_matrix_ub_21
_diffrn_orient_matrix_ub_22
_diffrn_orient_matrix_ub_23
_diffrn_orient_matrix_ub_31
_diffrn_orient_matrix_ub_32
_diffrn_orient_matrix_ub_33
_diffrn_radiation_collimation
_diffrn_radiation_detector
_diffrn_radiation_monochromator
_diffrn_radiation_polarisn_norm
_diffrn_radiation_polarisn_ratio
_diffrn_radiation_probe
_diffrn_radiation_source
_diffrn_radiation_type
_diffrn_radiation_wavelength
_diffrn_reflns_av_r_equivalents
_diffrn_reflns_av_sigmai/neti
_diffrn_reflns_av_uneti/neti
_diffrn_reflns_limit_h_max
_diffrn_reflns_limit_h_min
_diffrn_reflns_limit_index_m_1_max
_diffrn_reflns_limit_index_m_1_min
_diffrn_reflns_limit_k_max
_diffrn_reflns_limit_k_min
_diffrn_reflns_limit_l_max
_diffrn_reflns_limit_l_min
_diffrn_reflns_number
_diffrn_reflns_reduction_process
_diffrn_reflns_theta_full
_diffrn_reflns_theta_max
_diffrn_reflns_theta_min
_diffrn_source
_diffrn_source_current
_diffrn_source_power
_diffrn_source_target
_diffrn_source_type
_diffrn_source_voltage
_diffrn_special_details
_diffrn_standard_refln_index_h
_diffrn_standard_refln_index_k
_diffrn_standard_refln_index_l
_diffrn_standards_decay_%
_diffrn_standards_interval_count
_diffrn_standards_interval_time
_diffrn_standards_number
_eof
_exptl_absorpt_coefficient_mu
_exptl_absorpt_correction_t_max
_exptl_absorpt_correction_t_min
_exptl_absorpt_correction_type
_exptl_absorpt_process_details
_exptl_crystal_colour
_exptl_crystal_density_diffrn
_exptl_crystal_density_meas
_exptl_crystal_density_meas_temp
_exptl_crystal_density_method
_exptl_crystal_description
_exptl_crystal_f_000
_exptl_crystal_face_index_h
_exptl_crystal_face_index_k
_exptl_crystal_face_index_l
_exptl_crystal_face_perp_dist
_exptl_crystal_preparation
_exptl_crystal_size_max
_exptl_crystal_size_mid
_exptl_crystal_size_min
_exptl_crystal_size_rad
_exptl_special_details
_geom_angle_dha
_geom_angle_publ_flag
_geom_bond_atom_site_label_1
_geom_bond_atom_site_label_2
_geom_bond_atom_site_label_d
_geom_bond_atom_site_label_h
_geom_bond_atom_site_symbol_1
_geom_bond_atom_site_symbol_2
_geom_bond_distance
_geom_bond_distance_dh
_geom_bond_publ_flag
_geom_bond_site_symmetry_1
_geom_bond_site_symmetry_2
_geom_contact_atom_site_label_a
_geom_contact_distance_da
_geom_contact_distance_ha
_geom_contact_site_symmetry_a
_geom_special_details
_journal
_journal_coden_astm
_journal_coeditor_code
_journal_coeditor_name
_journal_coeditor_notes
_journal_data_validation_number
_journal_date_accepted
_journal_date_from_coeditor
_journal_date_printers_final
_journal_date_printers_first
_journal_date_proofs_in
_journal_date_proofs_out
_journal_date_recd_electronic
_journal_date_to_coeditor
_journal_issue
_journal_name
_journal_name_full
_journal_page_first
_journal_page_last
_journal_paper_category
_journal_suppl_publ_number
_journal_suppl_publ_pages
_journal_techeditor_code
_journal_techeditor_notes
_journal_volume
_journal_year
_journal_yrae
_maud_proc_ls_minimize_quantity
_pd_block_id
_pd_calc_method
_pd_instr_radiation_probe
_pd_meas_2theta_range_inc
_pd_meas_2theta_range_max
_pd_meas_2theta_range_min
_pd_meas_datetime_initialed
_pd_meas_info_author_address
_pd_meas_info_author_email
_pd_meas_info_author_name
_pd_meas_number_of_points
_pd_meas_scan_method
_pd_meas_special_details
_pd_phase_block_id
_pd_phase_id
_pd_phase_name
_pd_proc_2theta_range_inc
_pd_proc_2theta_range_max
_pd_proc_2theta_range_min
_pd_proc_info_author_name
_pd_proc_info_datetime
_pd_proc_ls_background_function
_pd_proc_ls_extract_fhkl
_pd_proc_ls_extract_int
_pd_proc_ls_extract_pos
_pd_proc_ls_fhkl_comp
_pd_proc_ls_pref_orient_corr
_pd_proc_ls_prof_chi2
_pd_proc_ls_prof_cr_factor
_pd_proc_ls_prof_cwr_expected
_pd_proc_ls_prof_cwr_factor
_pd_proc_ls_prof_echi2
_pd_proc_ls_prof_r_factor
_pd_proc_ls_prof_wr_expected
_pd_proc_ls_prof_wr_factor
_pd_proc_ls_profile_function
_pd_proc_ls_special_details
_pd_proc_ls_strain_comp
_pd_proc_ls_texture_comp
_pd_proc_ls_theoretical_weight
_pd_proc_ls_weight_scheme
_pd_proc_title
_pd_proc_wavelength
_platon_squeeze_details
_publ_author_address
_publ_author_footnote
_publ_author_name
_publ_author_name_journal_volume
_publ_contact_author_address
_publ_contact_author_email
_publ_contact_author_fax
_publ_contact_author_name
_publ_contact_author_phone
_publ_contact_letter
_publ_figure_captions
_publ_requested_category
_publ_requested_coeditor_name
_publ_requested_journal
_publ_section_abstract
_publ_section_acknowledgements
_publ_section_comment
_publ_section_discussion
_publ_section_experimental
_publ_section_exptl_prep
_publ_section_exptl_refinement
_publ_section_exptl_solution
_publ_section_figure_captions
_publ_section_introduction
_publ_section_references
_publ_section_synopsis
_publ_section_table_legends
_publ_section_title
_publ_section_title_footnote
_refine_diff_density_max
_refine_diff_density_min
_refine_diff_density_rms
_refine_ls_abs_structure_details
_refine_ls_abs_structure_flack
_refine_ls_abs_structure_rogers
_refine_ls_d_res_high
_refine_ls_d_res_low
_refine_ls_extinction_coef
_refine_ls_extinction_expression
_refine_ls_extinction_method
_refine_ls_goodness_of_fit_all
_refine_ls_goodness_of_fit_gt
_refine_ls_goodness_of_fit_obs
_refine_ls_goodness_of_fit_ref
_refine_ls_hydrogen_treatment
_refine_ls_inverse_abs_structure_flack
_refine_ls_matrix_type
_refine_ls_number_constraints
_refine_ls_number_parameters
_refine_ls_number_reflns
_refine_ls_number_restraints
_refine_ls_r_factor_all
_refine_ls_r_factor_gt
_refine_ls_r_factor_obs
_refine_ls_r_factor_ref
_refine_ls_r_i_factor
_refine_ls_restrained_s_all
_refine_ls_restrained_s_gt
_refine_ls_restrained_s_obs
_refine_ls_shift/esd_max
_refine_ls_shift/esd_mean
_refine_ls_shift/su_max
_refine_ls_shift/su_mean
_refine_ls_structure_factor_coef
_refine_ls_weighting_details
_refine_ls_weighting_scheme
_refine_ls_weighting_sheme
_refine_ls_wr_factor_all
_refine_ls_wr_factor_gt
_refine_ls_wr_factor_obs
_refine_ls_wr_factor_ref
_refine_special_details
_reflns_d_resolution_high
_reflns_d_resolution_low
_reflns_friedel_coverage
_reflns_limit_h_max
_reflns_limit_h_min
_reflns_limit_k_max
_reflns_limit_k_min
_reflns_limit_l_max
_reflns_limit_l_min
_reflns_number_gt
_reflns_number_observed
_reflns_number_total
_reflns_observed_criterion
_reflns_threshold_expression
_riet_z_molecula_number
_solved_by
_space_group_crystal_system
_space_group_name_hall
_space_group_ssg_name
_symmetry_cell_setting
_symmetry_equiv_pos_as_xyz
_symmetry_equiv_pos_site_id
_symmetry_int_tables_number
_symmetry_space_group_name_h-m
_symmetry_space_group_name_hall
